<!doctype html public "-//w3c//dtd html 4.0 transitional//en">
<html><head>
<title>Static Call Graph - [.\_build\nrf52832_xxaa.axf]</title></head>
<body><HR>
<H1>Static Call Graph for image .\_build\nrf52832_xxaa.axf</H1><HR>
<BR><P>#&#060CALLGRAPH&#062# ARM Linker, 5060750: Last Updated: Mon Mar 08 15:06:12 2021
<BR><P>
<H3>Maximum Stack Usage =       1512 bytes + Unknown(Functions without stacksize, Cycles, Untraceable Function Pointers)</H3><H3>
Call chain for Maximum Stack Depth:</H3>
main &rArr; nrf_ble_lesc_request_handler &rArr; compute_and_give_dhkey &rArr; nrf_crypto_rng_vector_generate &rArr; generate &rArr; nrf_crypto_rng_backend_vector_generate &rArr; mbedtls_ctr_drbg_random &rArr; mbedtls_ctr_drbg_random_with_add &rArr; mbedtls_ctr_drbg_reseed &rArr; block_cipher_df &rArr; mbedtls_aes_crypt_ecb &rArr; mbedtls_aes_encrypt
<P>
<H3>
Functions with no stack information
</H3><UL>
 <LI><a href="#[431]">ocrypto_bigint_add128</a>
 <LI><a href="#[432]">ocrypto_bigint_sub128</a>
 <LI><a href="#[433]">ocrypto_bigint_add256</a>
 <LI><a href="#[eb]">ocrypto_bigint_sub256</a>
 <LI><a href="#[dd]">ocrypto_bigint_cadd256</a>
 <LI><a href="#[434]">ocrypto_bigint_csub256</a>
 <LI><a href="#[bc]">ocrypto_bigint_cswap256</a>
 <LI><a href="#[103]">ocrypto_bigint_mul128</a>
 <LI><a href="#[435]">ocrypto_bigint_sqr256</a>
 <LI><a href="#[436]">ocrypto_bigint_mul256</a>
 <LI><a href="#[e9]">ocrypto_constant_time_equal</a>
 <LI><a href="#[f2]">ocrypto_constant_time_is_zero</a>
 <LI><a href="#[be]">ocrypto_constant_time_copy</a>
 <LI><a href="#[102]">ocrypto_constant_time_fill_zero</a>
 <LI><a href="#[e7]">ocrypto_mod_p256_add</a>
 <LI><a href="#[f1]">ocrypto_mod_p256_sub</a>
 <LI><a href="#[e6]">ocrypto_mod_p256_square</a>
 <LI><a href="#[e8]">ocrypto_mod_p256_mul</a>
 <LI><a href="#[d9]">ocrypto_mod25519_add</a>
 <LI><a href="#[db]">ocrypto_mod25519_sub</a>
 <LI><a href="#[d8]">ocrypto_mod25519_square</a>
 <LI><a href="#[d2]">ocrypto_mod25519_mul</a>
 <LI><a href="#[e0]">ocrypto_mod25519_mul121666</a>
 <LI><a href="#[101]">ocrypto_mod25519_freeze</a>
 <LI><a href="#[de]">ocrypto_curve25519_scalarmult</a>
 <LI><a href="#[e3]">ocrypto_curve25519_scalarmult_base</a>
 <LI><a href="#[e4]">ocrypto_curve_p256_from64bytes</a>
 <LI><a href="#[ea]">ocrypto_curve_p256_scalarmult</a>
 <LI><a href="#[f3]">ocrypto_curve_p256_scalarmult_base</a>
 <LI><a href="#[f4]">ocrypto_curve_p256_to32bytes</a>
 <LI><a href="#[f6]">ocrypto_curve_p256_to64bytes</a>
 <LI><a href="#[f7]">ocrypto_ecdh_p256_common_secret</a>
 <LI><a href="#[f9]">ocrypto_ecdh_p256_public_key</a>
 <LI><a href="#[fa]">ocrypto_ed25519_public_key</a>
 <LI><a href="#[fe]">ocrypto_ge25519_pack</a>
 <LI><a href="#[fd]">ocrypto_ge25519_scalarmult_base</a>
 <LI><a href="#[df]">ocrypto_mod25519_fromBytes</a>
 <LI><a href="#[ff]">ocrypto_mod25519_getsign</a>
 <LI><a href="#[dc]">ocrypto_mod25519_init</a>
 <LI><a href="#[da]">ocrypto_mod25519_neg</a>
 <LI><a href="#[e1]">ocrypto_mod25519_power</a>
 <LI><a href="#[e2]">ocrypto_mod25519_toBytes</a>
 <LI><a href="#[ed]">ocrypto_mod_p256_cneg</a>
 <LI><a href="#[e5]">ocrypto_mod_p256_fromBytes</a>
 <LI><a href="#[f0]">ocrypto_mod_p256_invert</a>
 <LI><a href="#[f5]">ocrypto_mod_p256_toBytes</a>
 <LI><a href="#[fc]">ocrypto_sc25519_from32bytes</a>
 <LI><a href="#[100]">ocrypto_sc25519_window4</a>
 <LI><a href="#[f8]">ocrypto_sc_p256_from32bytes</a>
 <LI><a href="#[fb]">ocrypto_sha512</a>
 <LI><a href="#[106]">ocrypto_sha512_loop1</a>
 <LI><a href="#[107]">ocrypto_sha512_loop2</a>
 <LI><a href="#[105]">sha512_blocks</a>
 <LI><a href="#[104]">sha512_blocks.constprop.1</a>
 <LI><a href="#[ec]">p256_zdblu</a>
 <LI><a href="#[ef]">p256_zaddc</a>
 <LI><a href="#[ee]">p256_zaddu</a>
 <LI><a href="#[d3]">mixaddsub_p1p1</a>
 <LI><a href="#[d7]">dbl_p1p1</a>
 <LI><a href="#[d1]">get_entry</a>
 <LI><a href="#[d6]">get_entry.constprop.3</a>
 <LI><a href="#[d0]">add_entry.constprop.0</a>
 <LI><a href="#[d4]">add_entry.constprop.1</a>
 <LI><a href="#[d5]">add_entry.constprop.2</a>
 <LI><a href="#[bd]">cswap64</a>
</UL>
</UL>
<P>
<H3>
Mutually Recursive functions
</H3> <LI><a href="#[5]">NMI_Handler</a>&nbsp;&nbsp;&nbsp;&rArr;&nbsp;&nbsp;&nbsp;<a href="#[5]">NMI_Handler</a><BR>
 <LI><a href="#[6]">HardFault_Handler</a>&nbsp;&nbsp;&nbsp;&rArr;&nbsp;&nbsp;&nbsp;<a href="#[6]">HardFault_Handler</a><BR>
 <LI><a href="#[7]">MemoryManagement_Handler</a>&nbsp;&nbsp;&nbsp;&rArr;&nbsp;&nbsp;&nbsp;<a href="#[7]">MemoryManagement_Handler</a><BR>
 <LI><a href="#[8]">BusFault_Handler</a>&nbsp;&nbsp;&nbsp;&rArr;&nbsp;&nbsp;&nbsp;<a href="#[8]">BusFault_Handler</a><BR>
 <LI><a href="#[9]">UsageFault_Handler</a>&nbsp;&nbsp;&nbsp;&rArr;&nbsp;&nbsp;&nbsp;<a href="#[9]">UsageFault_Handler</a><BR>
 <LI><a href="#[a]">SVC_Handler</a>&nbsp;&nbsp;&nbsp;&rArr;&nbsp;&nbsp;&nbsp;<a href="#[a]">SVC_Handler</a><BR>
 <LI><a href="#[b]">DebugMon_Handler</a>&nbsp;&nbsp;&nbsp;&rArr;&nbsp;&nbsp;&nbsp;<a href="#[b]">DebugMon_Handler</a><BR>
 <LI><a href="#[c]">PendSV_Handler</a>&nbsp;&nbsp;&nbsp;&rArr;&nbsp;&nbsp;&nbsp;<a href="#[c]">PendSV_Handler</a><BR>
 <LI><a href="#[d]">SysTick_Handler</a>&nbsp;&nbsp;&nbsp;&rArr;&nbsp;&nbsp;&nbsp;<a href="#[d]">SysTick_Handler</a><BR>
 <LI><a href="#[1d]">CCM_AAR_IRQHandler</a>&nbsp;&nbsp;&nbsp;&rArr;&nbsp;&nbsp;&nbsp;<a href="#[1d]">CCM_AAR_IRQHandler</a><BR>
 <LI><a href="#[138]">nrf_log_frontend_std_0</a>&nbsp;&nbsp;&nbsp;&rArr;&nbsp;&nbsp;&nbsp;<a href="#[369]">std_n</a><BR>
 <LI><a href="#[bb]">__asm___12_nrf_atfifo_c_51f461e1__nrf_atfifo_rspace_close</a>&nbsp;&nbsp;&nbsp;&rArr;&nbsp;&nbsp;&nbsp;<a href="#[bb]">__asm___12_nrf_atfifo_c_51f461e1__nrf_atfifo_rspace_close</a><BR>
 <LI><a href="#[ba]">__asm___12_nrf_atfifo_c_51f461e1__nrf_atfifo_wspace_close</a>&nbsp;&nbsp;&nbsp;&rArr;&nbsp;&nbsp;&nbsp;<a href="#[ba]">__asm___12_nrf_atfifo_c_51f461e1__nrf_atfifo_wspace_close</a><BR>
 <LI><a href="#[be]">ocrypto_constant_time_copy</a>&nbsp;&nbsp;&nbsp;&rArr;&nbsp;&nbsp;&nbsp;<a href="#[be]">ocrypto_constant_time_copy</a><BR>
 <LI><a href="#[ae]">nrf_fstorage_sys_evt_handler</a>&nbsp;&nbsp;&nbsp;&rArr;&nbsp;&nbsp;&nbsp;<a href="#[353]">queue_process</a><BR>
 <LI><a href="#[3d0]">pm_handler_flash_clean_on_return</a>&nbsp;&nbsp;&nbsp;&rArr;&nbsp;&nbsp;&nbsp;<a href="#[3ca]">pm_handler_flash_clean</a><BR>
 <LI><a href="#[3cd]">rank_highest</a>&nbsp;&nbsp;&nbsp;&rArr;&nbsp;&nbsp;&nbsp;<a href="#[3ca]">pm_handler_flash_clean</a><BR>
 <LI><a href="#[205]">buffer_add</a>&nbsp;&nbsp;&nbsp;&rArr;&nbsp;&nbsp;&nbsp;<a href="#[205]">buffer_add</a><BR>
</UL>
<P>
<H3>
Function Pointers
</H3><UL>
 <LI><a href="#[8]">BusFault_Handler</a> from .\_build\arm_startup_nrf52.o(.text) referenced from .\_build\arm_startup_nrf52.o(RESET)
 <LI><a href="#[1d]">CCM_AAR_IRQHandler</a> from .\_build\arm_startup_nrf52.o(.text) referenced from .\_build\arm_startup_nrf52.o(RESET)
 <LI><a href="#[21]">COMP_LPCOMP_IRQHandler</a> from .\_build\arm_startup_nrf52.o(.text) referenced from .\_build\arm_startup_nrf52.o(RESET)
 <LI><a href="#[b]">DebugMon_Handler</a> from .\_build\arm_startup_nrf52.o(.text) referenced from .\_build\arm_startup_nrf52.o(RESET)
 <LI><a href="#[1c]">ECB_IRQHandler</a> from .\_build\arm_startup_nrf52.o(.text) referenced from .\_build\arm_startup_nrf52.o(RESET)
 <LI><a href="#[32]">FPU_IRQHandler</a> from .\_build\arm_startup_nrf52.o(.text) referenced from .\_build\arm_startup_nrf52.o(RESET)
 <LI><a href="#[14]">GPIOTE_IRQHandler</a> from .\_build\nrfx_gpiote.o(i.GPIOTE_IRQHandler) referenced from .\_build\arm_startup_nrf52.o(RESET)
 <LI><a href="#[6b]">HR_advdata_manuf_data_update</a> from .\_build\main.o(i.HR_advdata_manuf_data_update) referenced from .\_build\main.o(i.timers_init)
 <LI><a href="#[6]">HardFault_Handler</a> from .\_build\arm_startup_nrf52.o(.text) referenced from .\_build\arm_startup_nrf52.o(RESET)
 <LI><a href="#[31]">I2S_IRQHandler</a> from .\_build\arm_startup_nrf52.o(.text) referenced from .\_build\arm_startup_nrf52.o(RESET)
 <LI><a href="#[2c]">MWU_IRQHandler</a> from .\_build\arm_startup_nrf52.o(.text) referenced from .\_build\arm_startup_nrf52.o(RESET)
 <LI><a href="#[7]">MemoryManagement_Handler</a> from .\_build\arm_startup_nrf52.o(.text) referenced from .\_build\arm_startup_nrf52.o(RESET)
 <LI><a href="#[13]">NFCT_IRQHandler</a> from .\_build\arm_startup_nrf52.o(.text) referenced from .\_build\arm_startup_nrf52.o(RESET)
 <LI><a href="#[5]">NMI_Handler</a> from .\_build\arm_startup_nrf52.o(.text) referenced from .\_build\arm_startup_nrf52.o(RESET)
 <LI><a href="#[2b]">PDM_IRQHandler</a> from .\_build\arm_startup_nrf52.o(.text) referenced from .\_build\arm_startup_nrf52.o(RESET)
 <LI><a href="#[e]">POWER_CLOCK_IRQHandler</a> from .\_build\nrfx_clock.o(i.POWER_CLOCK_IRQHandler) referenced from .\_build\arm_startup_nrf52.o(RESET)
 <LI><a href="#[2a]">PWM0_IRQHandler</a> from .\_build\nrfx_pwm.o(i.PWM0_IRQHandler) referenced from .\_build\arm_startup_nrf52.o(RESET)
 <LI><a href="#[2d]">PWM1_IRQHandler</a> from .\_build\nrfx_pwm.o(i.PWM1_IRQHandler) referenced from .\_build\arm_startup_nrf52.o(RESET)
 <LI><a href="#[2e]">PWM2_IRQHandler</a> from .\_build\arm_startup_nrf52.o(.text) referenced from .\_build\arm_startup_nrf52.o(RESET)
 <LI><a href="#[c]">PendSV_Handler</a> from .\_build\arm_startup_nrf52.o(.text) referenced from .\_build\arm_startup_nrf52.o(RESET)
 <LI><a href="#[20]">QDEC_IRQHandler</a> from .\_build\arm_startup_nrf52.o(.text) referenced from .\_build\arm_startup_nrf52.o(RESET)
 <LI><a href="#[f]">RADIO_IRQHandler</a> from .\_build\arm_startup_nrf52.o(.text) referenced from .\_build\arm_startup_nrf52.o(RESET)
 <LI><a href="#[1b]">RNG_IRQHandler</a> from .\_build\nrfx_rng.o(i.RNG_IRQHandler) referenced from .\_build\arm_startup_nrf52.o(RESET)
 <LI><a href="#[19]">RTC0_IRQHandler</a> from .\_build\arm_startup_nrf52.o(.text) referenced from .\_build\arm_startup_nrf52.o(RESET)
 <LI><a href="#[1f]">RTC1_IRQHandler</a> from .\_build\drv_rtc.o(i.RTC1_IRQHandler) referenced from .\_build\arm_startup_nrf52.o(RESET)
 <LI><a href="#[30]">RTC2_IRQHandler</a> from .\_build\arm_startup_nrf52.o(.text) referenced from .\_build\arm_startup_nrf52.o(RESET)
 <LI><a href="#[4]">Reset_Handler</a> from .\_build\arm_startup_nrf52.o(.text) referenced from .\_build\arm_startup_nrf52.o(RESET)
 <LI><a href="#[15]">SAADC_IRQHandler</a> from .\_build\nrfx_saadc.o(i.SAADC_IRQHandler) referenced from .\_build\arm_startup_nrf52.o(RESET)
 <LI><a href="#[11]">SPIM0_SPIS0_TWIM0_TWIS0_SPI0_TWI0_IRQHandler</a> from .\_build\nrfx_spim.o(i.SPIM0_SPIS0_TWIM0_TWIS0_SPI0_TWI0_IRQHandler) referenced from .\_build\nrfx_spim.o(.constdata)
 <LI><a href="#[11]">SPIM0_SPIS0_TWIM0_TWIS0_SPI0_TWI0_IRQHandler</a> from .\_build\nrfx_spim.o(i.SPIM0_SPIS0_TWIM0_TWIS0_SPI0_TWI0_IRQHandler) referenced from .\_build\arm_startup_nrf52.o(RESET)
 <LI><a href="#[12]">SPIM1_SPIS1_TWIM1_TWIS1_SPI1_TWI1_IRQHandler</a> from .\_build\arm_startup_nrf52.o(.text) referenced from .\_build\arm_startup_nrf52.o(RESET)
 <LI><a href="#[2f]">SPIM2_SPIS2_SPI2_IRQHandler</a> from .\_build\arm_startup_nrf52.o(.text) referenced from .\_build\arm_startup_nrf52.o(RESET)
 <LI><a href="#[5b]">SPIVI_zone1_threshold_write_handler</a> from .\_build\main.o(i.SPIVI_zone1_threshold_write_handler) referenced from .\_build\main.o(i.services_init)
 <LI><a href="#[5c]">SPIVI_zone2_threshold_write_handler</a> from .\_build\main.o(i.SPIVI_zone2_threshold_write_handler) referenced from .\_build\main.o(i.services_init)
 <LI><a href="#[5d]">SPIVI_zone3_threshold_write_handler</a> from .\_build\main.o(i.SPIVI_zone3_threshold_write_handler) referenced from .\_build\main.o(i.services_init)
 <LI><a href="#[5e]">SPIVI_zone4_threshold_write_handler</a> from .\_build\main.o(i.SPIVI_zone4_threshold_write_handler) referenced from .\_build\main.o(i.services_init)
 <LI><a href="#[5f]">SPIVI_zone5_threshold_write_handler</a> from .\_build\main.o(i.SPIVI_zone5_threshold_write_handler) referenced from .\_build\main.o(i.services_init)
 <LI><a href="#[a]">SVC_Handler</a> from .\_build\arm_startup_nrf52.o(.text) referenced from .\_build\arm_startup_nrf52.o(RESET)
 <LI><a href="#[22]">SWI0_EGU0_IRQHandler</a> from .\_build\arm_startup_nrf52.o(.text) referenced from .\_build\arm_startup_nrf52.o(RESET)
 <LI><a href="#[23]">SWI1_EGU1_IRQHandler</a> from .\_build\arm_startup_nrf52.o(.text) referenced from .\_build\arm_startup_nrf52.o(RESET)
 <LI><a href="#[24]">SWI2_EGU2_IRQHandler</a> from .\_build\nrf_sdh.o(i.SWI2_EGU2_IRQHandler) referenced from .\_build\arm_startup_nrf52.o(RESET)
 <LI><a href="#[25]">SWI3_EGU3_IRQHandler</a> from .\_build\arm_startup_nrf52.o(.text) referenced from .\_build\arm_startup_nrf52.o(RESET)
 <LI><a href="#[26]">SWI4_EGU4_IRQHandler</a> from .\_build\arm_startup_nrf52.o(.text) referenced from .\_build\arm_startup_nrf52.o(RESET)
 <LI><a href="#[27]">SWI5_EGU5_IRQHandler</a> from .\_build\arm_startup_nrf52.o(.text) referenced from .\_build\arm_startup_nrf52.o(RESET)
 <LI><a href="#[d]">SysTick_Handler</a> from .\_build\arm_startup_nrf52.o(.text) referenced from .\_build\arm_startup_nrf52.o(RESET)
 <LI><a href="#[34]">SystemInit</a> from .\_build\system_nrf52.o(i.SystemInit) referenced from .\_build\arm_startup_nrf52.o(.text)
 <LI><a href="#[1a]">TEMP_IRQHandler</a> from .\_build\arm_startup_nrf52.o(.text) referenced from .\_build\arm_startup_nrf52.o(RESET)
 <LI><a href="#[16]">TIMER0_IRQHandler</a> from .\_build\arm_startup_nrf52.o(.text) referenced from .\_build\arm_startup_nrf52.o(RESET)
 <LI><a href="#[17]">TIMER1_IRQHandler</a> from .\_build\arm_startup_nrf52.o(.text) referenced from .\_build\arm_startup_nrf52.o(RESET)
 <LI><a href="#[18]">TIMER2_IRQHandler</a> from .\_build\arm_startup_nrf52.o(.text) referenced from .\_build\arm_startup_nrf52.o(RESET)
 <LI><a href="#[28]">TIMER3_IRQHandler</a> from .\_build\arm_startup_nrf52.o(.text) referenced from .\_build\arm_startup_nrf52.o(RESET)
 <LI><a href="#[29]">TIMER4_IRQHandler</a> from .\_build\arm_startup_nrf52.o(.text) referenced from .\_build\arm_startup_nrf52.o(RESET)
 <LI><a href="#[10]">UARTE0_UART0_IRQHandler</a> from .\_build\nrfx_prs.o(i.UARTE0_UART0_IRQHandler) referenced from .\_build\arm_startup_nrf52.o(RESET)
 <LI><a href="#[9]">UsageFault_Handler</a> from .\_build\arm_startup_nrf52.o(.text) referenced from .\_build\arm_startup_nrf52.o(RESET)
 <LI><a href="#[1e]">WDT_IRQHandler</a> from .\_build\nrfx_wdt.o(i.WDT_IRQHandler) referenced from .\_build\arm_startup_nrf52.o(RESET)
 <LI><a href="#[35]">__main</a> from C:\Keil_v5\ARM\ARMCC\Bin\..\lib\armlib\mc_w.l(entry.o)(.ARM.Collect$$$$00000000) referenced from .\_build\arm_startup_nrf52.o(.text)
 <LI><a href="#[9c]">ant_evt_handler</a> from .\_build\ant_state_indicator.o(i.ant_evt_handler) referenced from .\_build\ant_state_indicator.o(sdh_ant_observers1)
 <LI><a href="#[70]">ant_hrm_evt_handler</a> from .\_build\main.o(i.ant_hrm_evt_handler) referenced from .\_build\main.o(.constdata)
 <LI><a href="#[9b]">ant_hrm_sens_evt_handler</a> from .\_build\ant_hrm.o(i.ant_hrm_sens_evt_handler) referenced from .\_build\main.o(sdh_ant_observers1)
 <LI><a href="#[6c]">ant_plus_handler</a> from .\_build\main.o(i.ant_plus_handler) referenced from .\_build\main.o(i.timers_init)
 <LI><a href="#[50]">app_error_fault_handler</a> from .\_build\app_error_weak.o(i.app_error_fault_handler) referenced from .\_build\nrf_sdh.o(i.nrf_sdh_enable_request)
 <LI><a href="#[99]">app_shutdown_handler</a> from .\_build\main.o(i.app_shutdown_handler) referenced from .\_build\main.o(pwr_mgmt_data0)
 <LI><a href="#[44]">app_timer_cnt_get</a> from .\_build\app_timer2.o(i.app_timer_cnt_get) referenced from .\_build\main.o(i.main)
 <LI><a href="#[40]">apply_pending_handle</a> from .\_build\gatt_cache_manager.o(i.apply_pending_handle) referenced from .\_build\gatt_cache_manager.o(i.gcm_ble_evt_handler)
 <LI><a href="#[68]">battery_level_meas_timeout_handler</a> from .\_build\main.o(i.battery_level_meas_timeout_handler) referenced from .\_build\main.o(i.timers_init)
 <LI><a href="#[6a]">biblioteca_phillips_handler</a> from .\_build\main.o(i.biblioteca_phillips_handler) referenced from .\_build\main.o(i.timers_init)
 <LI><a href="#[3a]">blacklisted_peers_state_transition_handle</a> from .\_build\auth_status_tracker.o(i.blacklisted_peers_state_transition_handle) referenced from .\_build\auth_status_tracker.o(i.ast_init)
 <LI><a href="#[9f]">ble_advertising_on_ble_evt</a> from .\_build\ble_advertising.o(i.ble_advertising_on_ble_evt) referenced from .\_build\main.o(sdh_ble_observers1)
 <LI><a href="#[a4]">ble_bas_on_ble_evt</a> from .\_build\ble_bas.o(i.ble_bas_on_ble_evt) referenced from .\_build\main.o(sdh_ble_observers2)
 <LI><a href="#[a9]">ble_cscs_on_ble_evt</a> from .\_build\ble_cscs.o(i.ble_cscs_on_ble_evt) referenced from .\_build\main.o(sdh_ble_observers2)
 <LI><a href="#[aa]">ble_dfu_buttonless_on_ble_evt</a> from .\_build\ble_dfu.o(i.ble_dfu_buttonless_on_ble_evt) referenced from .\_build\ble_dfu.o(sdh_ble_observers2)
 <LI><a href="#[af]">ble_dfu_buttonless_on_sys_evt</a> from .\_build\ble_dfu_unbonded.o(i.ble_dfu_buttonless_on_sys_evt) referenced from .\_build\ble_dfu_unbonded.o(sdh_soc_observers1)
 <LI><a href="#[65]">ble_dfu_evt_handler</a> from .\_build\main.o(i.ble_dfu_evt_handler) referenced from .\_build\main.o(i.services_init)
 <LI><a href="#[9d]">ble_evt_handler</a> from .\_build\ble_conn_state.o(i.ble_evt_handler) referenced from .\_build\ble_conn_state.o(sdh_ble_observers0)
 <LI><a href="#[a0]">ble_evt_handler</a> from .\_build\bsp_btn_ble.o(i.ble_evt_handler) referenced 3 times from .\_build\bsp_btn_ble.o(sdh_ble_observers1)
 <LI><a href="#[ab]">ble_evt_handler</a> from .\_build\main.o(i.ble_evt_handler) referenced from .\_build\main.o(sdh_ble_observers3)
 <LI><a href="#[a3]">ble_hrs_on_ble_evt</a> from .\_build\ble_hrs.o(i.ble_hrs_on_ble_evt) referenced from .\_build\main.o(sdh_ble_observers2)
 <LI><a href="#[a8]">ble_rtcs_on_ble_evt</a> from .\_build\ble_rtcs.o(i.ble_rtcs_on_ble_evt) referenced from .\_build\main.o(sdh_ble_observers2)
 <LI><a href="#[a7]">ble_rus_on_ble_evt</a> from .\_build\ble_rus.o(i.ble_rus_on_ble_evt) referenced from .\_build\main.o(sdh_ble_observers2)
 <LI><a href="#[a6]">ble_uds_on_ble_evt</a> from .\_build\ble_uds.o(i.ble_uds_on_ble_evt) referenced from .\_build\main.o(sdh_ble_observers2)
 <LI><a href="#[71]">bsp_button_event_handler</a> from .\_build\bsp.o(i.bsp_button_event_handler) referenced from .\_build\bsp.o(.constdata)
 <LI><a href="#[3f]">bsp_event_handler</a> from .\_build\main.o(i.bsp_event_handler) referenced from .\_build\main.o(i.button_and_leds_init)
 <LI><a href="#[3e]">button_timer_handler</a> from .\_build\bsp.o(i.button_timer_handler) referenced from .\_build\bsp.o(i.bsp_init)
 <LI><a href="#[b3]">buttonless_dfu_sdh_state_observer</a> from .\_build\main.o(i.buttonless_dfu_sdh_state_observer) referenced from .\_build\main.o(sdh_state_observers0)
 <LI><a href="#[6f]">car_update_pending_handle</a> from .\_build\gatt_cache_manager.o(i.car_update_pending_handle) referenced from .\_build\gatt_cache_manager.o(i.update_pending_flags_check)
 <LI><a href="#[4a]">clock_irq_handler</a> from .\_build\nrf_drv_clock.o(i.clock_irq_handler) referenced from .\_build\nrf_drv_clock.o(i.nrf_drv_clock_init)
 <LI><a href="#[8b]">compare_func</a> from .\_build\app_timer2.o(i.compare_func) referenced from .\_build\app_timer2.o(.constdata)
 <LI><a href="#[47]">conn_params_error_handler</a> from .\_build\main.o(i.conn_params_error_handler) referenced from .\_build\main.o(i.main)
 <LI><a href="#[69]">csc_meas_timeout_handler</a> from .\_build\main.o(i.csc_meas_timeout_handler) referenced from .\_build\main.o(i.timers_init)
 <LI><a href="#[6e]">db_update_pending_handle</a> from .\_build\gatt_cache_manager.o(i.db_update_pending_handle) referenced from .\_build\gatt_cache_manager.o(i.update_pending_flags_check)
 <LI><a href="#[38]">detection_delay_timeout_handler</a> from .\_build\app_button.o(i.detection_delay_timeout_handler) referenced from .\_build\app_button.o(i.app_button_init)
 <LI><a href="#[3d]">disconnect</a> from .\_build\main.o(i.disconnect) referenced from .\_build\main.o(i.ble_dfu_evt_handler)
 <LI><a href="#[3c]">dummy_evt_handler</a> from .\_build\ble_dfu.o(i.dummy_evt_handler) referenced from .\_build\ble_dfu.o(i.ble_dfu_buttonless_init)
 <LI><a href="#[49]">entropy_callback</a> from .\_build\nrf_hw_backend_rng_mbedtls.o(i.entropy_callback) referenced from .\_build\nrf_hw_backend_rng_mbedtls.o(i.nrf_crypto_rng_backend_init)
 <LI><a href="#[90]">erase</a> from .\_build\nrf_fstorage_sd.o(i.erase) referenced from .\_build\nrf_fstorage_sd.o(.constdata)
 <LI><a href="#[51]">fds_evt_handler</a> from .\_build\peer_data_storage.o(i.fds_evt_handler) referenced from .\_build\peer_data_storage.o(i.pds_init)
 <LI><a href="#[3]">fs_event_handler</a> from .\_build\fds.o(i.fs_event_handler) referenced 2 times from .\_build\fds.o(fs_data)
 <LI><a href="#[2]">fstorage_evt_handler</a> from .\_build\buffer_services.o(i.fstorage_evt_handler) referenced 2 times from .\_build\buffer_services.o(fs_data)
 <LI><a href="#[45]">gatt_evt_handler</a> from .\_build\main.o(i.gatt_evt_handler) referenced from .\_build\main.o(i.main)
 <LI><a href="#[73]">gcm_im_evt_handler</a> from .\_build\gatt_cache_manager.o(i.gcm_im_evt_handler) referenced from .\_build\id_manager.o(.constdata)
 <LI><a href="#[78]">gcm_pdb_evt_handler</a> from .\_build\gatt_cache_manager.o(i.gcm_pdb_evt_handler) referenced from .\_build\peer_database.o(.constdata)
 <LI><a href="#[37]">gpiote_event_handler</a> from .\_build\app_button.o(i.gpiote_event_handler) referenced from .\_build\app_button.o(i.app_button_init)
 <LI><a href="#[77]">gscm_pdb_evt_handler</a> from .\_build\gatts_cache_manager.o(i.gscm_pdb_evt_handler) referenced from .\_build\peer_database.o(.constdata)
 <LI><a href="#[59]">hr_zone_preference_calc_write_handler</a> from .\_build\main.o(i.hr_zone_preference_calc_write_handler) referenced from .\_build\main.o(i.services_init)
 <LI><a href="#[8c]">init</a> from .\_build\nrf_fstorage_sd.o(i.init) referenced from .\_build\nrf_fstorage_sd.o(.constdata)
 <LI><a href="#[93]">is_busy</a> from .\_build\nrf_fstorage_sd.o(i.is_busy) referenced from .\_build\nrf_fstorage_sd.o(.constdata)
 <LI><a href="#[67]">link_secure_pending_handle</a> from .\_build\security_manager.o(i.link_secure_pending_handle) referenced from .\_build\security_manager.o(i.sm_ble_evt_handler)
 <LI><a href="#[67]">link_secure_pending_handle</a> from .\_build\security_manager.o(i.link_secure_pending_handle) referenced from .\_build\security_manager.o(i.sm_pdb_evt_handler)
 <LI><a href="#[9a]">m_shutdown_handler</a> from .\_build\ant_state_indicator.o(i.m_shutdown_handler) referenced from .\_build\ant_state_indicator.o(pwr_mgmt_data1)
 <LI><a href="#[33]">main</a> from .\_build\main.o(i.main) referenced from C:\Keil_v5\ARM\ARMCC\Bin\..\lib\armlib\mc_w.l(entry9a.o)(.ARM.Collect$$$$0000000B)
 <LI><a href="#[88]">memcpy</a> from C:\Keil_v5\ARM\ARMCC\Bin\..\lib\armlib\mc_w.l(memmove.o)(.text) referenced from .\_build\oberon_backend_ecc.o(.constdata)
 <LI><a href="#[9e]">nrf_ble_gatt_on_ble_evt</a> from .\_build\nrf_ble_gatt.o(i.nrf_ble_gatt_on_ble_evt) referenced from .\_build\main.o(sdh_ble_observers1)
 <LI><a href="#[a5]">nrf_ble_qwr_on_ble_evt</a> from .\_build\nrf_ble_qwr.o(i.nrf_ble_qwr_on_ble_evt) referenced from .\_build\main.o(sdh_ble_observers2)
 <LI><a href="#[87]">nrf_crypto_backend_curve25519_ecdh_compute</a> from .\_build\oberon_backend_ecdh.o(i.nrf_crypto_backend_curve25519_ecdh_compute) referenced from .\_build\nrf_crypto_ecdh.o(.constdata)
 <LI><a href="#[7c]">nrf_crypto_backend_curve25519_key_pair_generate</a> from .\_build\oberon_backend_ecc.o(i.nrf_crypto_backend_curve25519_key_pair_generate) referenced from .\_build\nrf_crypto_ecc.o(.constdata)
 <LI><a href="#[7f]">nrf_crypto_backend_curve25519_public_key_calculate</a> from .\_build\oberon_backend_ecc.o(i.nrf_crypto_backend_curve25519_public_key_calculate) referenced from .\_build\nrf_crypto_ecc.o(.constdata)
 <LI><a href="#[7d]">nrf_crypto_backend_ed25519_key_pair_generate</a> from .\_build\oberon_backend_ecc.o(i.nrf_crypto_backend_ed25519_key_pair_generate) referenced from .\_build\nrf_crypto_ecc.o(.constdata)
 <LI><a href="#[82]">nrf_crypto_backend_ed25519_private_key_from_raw</a> from .\_build\oberon_backend_ecc.o(i.nrf_crypto_backend_ed25519_private_key_from_raw) referenced from .\_build\nrf_crypto_ecc.o(.constdata)
 <LI><a href="#[80]">nrf_crypto_backend_ed25519_public_key_calculate</a> from .\_build\oberon_backend_ecc.o(i.nrf_crypto_backend_ed25519_public_key_calculate) referenced from .\_build\nrf_crypto_ecc.o(.constdata)
 <LI><a href="#[81]">nrf_crypto_backend_oberon_private_key_from_raw</a> from .\_build\oberon_backend_ecc.o(i.nrf_crypto_backend_oberon_private_key_from_raw) referenced 2 times from .\_build\nrf_crypto_ecc.o(.constdata)
 <LI><a href="#[83]">nrf_crypto_backend_oberon_private_key_to_raw</a> from .\_build\oberon_backend_ecc.o(i.nrf_crypto_backend_oberon_private_key_to_raw) referenced 3 times from .\_build\nrf_crypto_ecc.o(.constdata)
 <LI><a href="#[84]">nrf_crypto_backend_oberon_public_key_from_raw</a> from .\_build\oberon_backend_ecc.o(i.nrf_crypto_backend_oberon_public_key_from_raw) referenced 3 times from .\_build\nrf_crypto_ecc.o(.constdata)
 <LI><a href="#[85]">nrf_crypto_backend_oberon_public_key_to_raw</a> from .\_build\oberon_backend_ecc.o(i.nrf_crypto_backend_oberon_public_key_to_raw) referenced 3 times from .\_build\nrf_crypto_ecc.o(.constdata)
 <LI><a href="#[86]">nrf_crypto_backend_secp256r1_ecdh_compute</a> from .\_build\oberon_backend_ecdh.o(i.nrf_crypto_backend_secp256r1_ecdh_compute) referenced from .\_build\nrf_crypto_ecdh.o(.constdata)
 <LI><a href="#[7b]">nrf_crypto_backend_secp256r1_key_pair_generate</a> from .\_build\oberon_backend_ecc.o(i.nrf_crypto_backend_secp256r1_key_pair_generate) referenced from .\_build\nrf_crypto_ecc.o(.constdata)
 <LI><a href="#[7e]">nrf_crypto_backend_secp256r1_public_key_calculate</a> from .\_build\oberon_backend_ecc.o(i.nrf_crypto_backend_secp256r1_public_key_calculate) referenced from .\_build\nrf_crypto_ecc.o(.constdata)
 <LI><a href="#[ac]">nrf_fstorage_sdh_req_handler</a> from .\_build\nrf_fstorage_sd.o(i.nrf_fstorage_sdh_req_handler) referenced from .\_build\nrf_fstorage_sd.o(sdh_req_observers0)
 <LI><a href="#[b6]">nrf_fstorage_sdh_state_handler</a> from .\_build\nrf_fstorage_sd.o(i.nrf_fstorage_sdh_state_handler) referenced from .\_build\nrf_fstorage_sd.o(sdh_state_observers0)
 <LI><a href="#[ae]">nrf_fstorage_sys_evt_handler</a> from .\_build\nrf_fstorage_sd.o(i.nrf_fstorage_sys_evt_handler) referenced from .\_build\nrf_fstorage_sd.o(sdh_soc_observers0)
 <LI><a href="#[97]">nrf_hw_backend_init</a> from .\_build\nrf_hw_backend_init.o(i.nrf_hw_backend_init) referenced from .\_build\nrf_hw_backend_init.o(crypto_data)
 <LI><a href="#[98]">nrf_hw_backend_uninit</a> from .\_build\nrf_hw_backend_init.o(i.nrf_hw_backend_uninit) referenced from .\_build\nrf_hw_backend_init.o(crypto_data)
 <LI><a href="#[96]">nrf_log_backend_uart_flush</a> from .\_build\nrf_log_backend_uart.o(i.nrf_log_backend_uart_flush) referenced from .\_build\nrf_log_backend_uart.o(.constdata)
 <LI><a href="#[95]">nrf_log_backend_uart_panic_set</a> from .\_build\nrf_log_backend_uart.o(i.nrf_log_backend_uart_panic_set) referenced from .\_build\nrf_log_backend_uart.o(.constdata)
 <LI><a href="#[94]">nrf_log_backend_uart_put</a> from .\_build\nrf_log_backend_uart.o(i.nrf_log_backend_uart_put) referenced from .\_build\nrf_log_backend_uart.o(.constdata)
 <LI><a href="#[56]">nrf_qwr_error_handler</a> from .\_build\main.o(i.nrf_qwr_error_handler) referenced from .\_build\main.o(i.services_init)
 <LI><a href="#[b2]">nrf_sdh_ant_evts_poll</a> from .\_build\nrf_sdh_ant.o(i.nrf_sdh_ant_evts_poll) referenced from .\_build\nrf_sdh_ant.o(sdh_stack_observers0)
 <LI><a href="#[b0]">nrf_sdh_ble_evts_poll</a> from .\_build\nrf_sdh_ble.o(i.nrf_sdh_ble_evts_poll) referenced from .\_build\nrf_sdh_ble.o(sdh_stack_observers0)
 <LI><a href="#[b1]">nrf_sdh_soc_evts_poll</a> from .\_build\nrf_sdh_soc.o(i.nrf_sdh_soc_evts_poll) referenced from .\_build\nrf_sdh_soc.o(sdh_stack_observers0)
 <LI><a href="#[4b]">nrfx_rng_handler</a> from .\_build\nrf_drv_rng.o(i.nrfx_rng_handler) referenced from .\_build\nrf_drv_rng.o(i.nrf_drv_rng_init)
 <LI><a href="#[4b]">nrfx_rng_handler</a> from .\_build\nrf_drv_rng.o(i.nrfx_rng_handler) referenced from .\_build\nrf_drv_rng.o(i.sd_state_evt_handler)
 <LI><a href="#[89]">nrfx_uart_0_irq_handler</a> from .\_build\nrfx_uart.o(i.nrfx_uart_0_irq_handler) referenced from .\_build\nrfx_uart.o(.constdata)
 <LI><a href="#[8a]">nrfx_uarte_0_irq_handler</a> from .\_build\nrfx_uarte.o(i.nrfx_uarte_0_irq_handler) referenced from .\_build\nrfx_uarte.o(.constdata)
 <LI><a href="#[36]">on_adv_evt</a> from .\_build\main.o(i.on_adv_evt) referenced from .\_build\main.o(i.advertising_init)
 <LI><a href="#[46]">on_conn_params_evt</a> from .\_build\main.o(i.on_conn_params_evt) referenced from .\_build\main.o(i.main)
 <LI><a href="#[66]">params_reply_pending_handle</a> from .\_build\security_manager.o(i.params_reply_pending_handle) referenced from .\_build\security_manager.o(i.sm_ble_evt_handler)
 <LI><a href="#[66]">params_reply_pending_handle</a> from .\_build\security_manager.o(i.params_reply_pending_handle) referenced from .\_build\security_manager.o(i.sm_pdb_evt_handler)
 <LI><a href="#[74]">pdb_pds_evt_handler</a> from .\_build\peer_database.o(i.pdb_pds_evt_handler) referenced from .\_build\peer_data_storage.o(.constdata)
 <LI><a href="#[42]">platform_read</a> from .\_build\main.o(i.platform_read) referenced from .\_build\main.o(i.lis2dw12_config)
 <LI><a href="#[42]">platform_read</a> from .\_build\main.o(i.platform_read) referenced from .\_build\main.o(i.main)
 <LI><a href="#[41]">platform_write</a> from .\_build\main.o(i.platform_write) referenced from .\_build\main.o(i.lis2dw12_config)
 <LI><a href="#[41]">platform_write</a> from .\_build\main.o(i.platform_write) referenced from .\_build\main.o(i.main)
 <LI><a href="#[52]">pm_evt_handler</a> from .\_build\main.o(i.pm_evt_handler) referenced from .\_build\main.o(i.peer_manager_init)
 <LI><a href="#[0]">pm_gcm_evt_handler</a> from .\_build\peer_manager.o(i.pm_gcm_evt_handler) referenced 2 times from .\_build\gatt_cache_manager.o(.data)
 <LI><a href="#[1]">pm_gscm_evt_handler</a> from .\_build\peer_manager.o(i.pm_gscm_evt_handler) referenced 2 times from .\_build\gatts_cache_manager.o(.data)
 <LI><a href="#[72]">pm_im_evt_handler</a> from .\_build\peer_manager.o(i.pm_im_evt_handler) referenced from .\_build\id_manager.o(.constdata)
 <LI><a href="#[75]">pm_pdb_evt_handler</a> from .\_build\peer_manager.o(i.pm_pdb_evt_handler) referenced from .\_build\peer_database.o(.constdata)
 <LI><a href="#[7a]">pm_sm_evt_handler</a> from .\_build\peer_manager.o(i.pm_sm_evt_handler) referenced from .\_build\security_manager.o(.constdata)
 <LI><a href="#[53]">pwm1_handler</a> from .\_build\controle_leds.o(i.pwm1_handler) referenced from .\_build\controle_leds.o(i.pwm_init)
 <LI><a href="#[8e]">read</a> from .\_build\nrf_fstorage_sd.o(i.read) referenced from .\_build\nrf_fstorage_sd.o(.constdata)
 <LI><a href="#[60]">rhr_zone1_threshold_write_handler</a> from .\_build\main.o(i.rhr_zone1_threshold_write_handler) referenced from .\_build\main.o(i.services_init)
 <LI><a href="#[61]">rhr_zone2_threshold_write_handler</a> from .\_build\main.o(i.rhr_zone2_threshold_write_handler) referenced from .\_build\main.o(i.services_init)
 <LI><a href="#[62]">rhr_zone3_threshold_write_handler</a> from .\_build\main.o(i.rhr_zone3_threshold_write_handler) referenced from .\_build\main.o(i.services_init)
 <LI><a href="#[63]">rhr_zone4_threshold_write_handler</a> from .\_build\main.o(i.rhr_zone4_threshold_write_handler) referenced from .\_build\main.o(i.services_init)
 <LI><a href="#[64]">rhr_zone5_threshold_write_handler</a> from .\_build\main.o(i.rhr_zone5_threshold_write_handler) referenced from .\_build\main.o(i.services_init)
 <LI><a href="#[91]">rmap</a> from .\_build\nrf_fstorage_sd.o(i.rmap) referenced from .\_build\nrf_fstorage_sd.o(.constdata)
 <LI><a href="#[39]">rtc_irq</a> from .\_build\app_timer2.o(i.rtc_irq) referenced from .\_build\app_timer2.o(i.app_timer_init)
 <LI><a href="#[54]">saadc_callback</a> from .\_build\main.o(i.saadc_callback) referenced from .\_build\main.o(i.saadc_init)
 <LI><a href="#[57]">sc_ctrlpt_event_handler</a> from .\_build\main.o(i.sc_ctrlpt_event_handler) referenced from .\_build\main.o(i.services_init)
 <LI><a href="#[55]">sc_send_pending_handle</a> from .\_build\gatt_cache_manager.o(i.sc_send_pending_handle) referenced from .\_build\gatt_cache_manager.o(i.service_changed_pending_flags_check)
 <LI><a href="#[b4]">sd_state_evt_handler</a> from .\_build\nrf_drv_clock.o(i.sd_state_evt_handler) referenced 2 times from .\_build\nrf_drv_clock.o(sdh_state_observers0)
 <LI><a href="#[5a]">serial_number_write_handler</a> from .\_build\main.o(i.serial_number_write_handler) referenced from .\_build\main.o(i.services_init)
 <LI><a href="#[4f]">serial_tx</a> from .\_build\nrf_log_backend_uart.o(i.serial_tx) referenced from .\_build\nrf_log_backend_uart.o(i.nrf_log_backend_uart_put)
 <LI><a href="#[76]">sm_pdb_evt_handler</a> from .\_build\security_manager.o(i.sm_pdb_evt_handler) referenced from .\_build\peer_database.o(.constdata)
 <LI><a href="#[79]">sm_smd_evt_handler</a> from .\_build\security_manager.o(i.sm_smd_evt_handler) referenced from .\_build\security_dispatcher.o(.constdata)
 <LI><a href="#[ad]">soc_evt_handler</a> from .\_build\nrf_drv_clock.o(i.soc_evt_handler) referenced from .\_build\nrf_drv_clock.o(sdh_soc_observers0)
 <LI><a href="#[43]">spi_event_handler</a> from .\_build\main.o(i.spi_event_handler) referenced from .\_build\main.o(i.lis2dw12_config)
 <LI><a href="#[43]">spi_event_handler</a> from .\_build\main.o(i.spi_event_handler) referenced from .\_build\main.o(i.main)
 <LI><a href="#[43]">spi_event_handler</a> from .\_build\main.o(i.spi_event_handler) referenced from .\_build\main.o(i.spi_init)
 <LI><a href="#[4c]">spim_evt_handler</a> from .\_build\nrf_drv_spi.o(i.spim_evt_handler) referenced from .\_build\nrf_drv_spi.o(i.nrf_drv_spi_init)
 <LI><a href="#[4e]">uart_evt_handler</a> from .\_build\nrf_drv_uart.o(i.uart_evt_handler) referenced from .\_build\nrf_drv_uart.o(i.nrf_drv_uart_init)
 <LI><a href="#[6d]">uart_evt_handler</a> from .\_build\nrf_log_backend_uart.o(i.uart_evt_handler) referenced from .\_build\nrf_log_backend_uart.o(i.uart_init)
 <LI><a href="#[4d]">uarte_evt_handler</a> from .\_build\nrf_drv_uart.o(i.uarte_evt_handler) referenced from .\_build\nrf_drv_uart.o(i.nrf_drv_uart_init)
 <LI><a href="#[8d]">uninit</a> from .\_build\nrf_fstorage_sd.o(i.uninit) referenced from .\_build\nrf_fstorage_sd.o(.constdata)
 <LI><a href="#[3b]">update_timeout_handler</a> from .\_build\ble_conn_params.o(i.update_timeout_handler) referenced from .\_build\ble_conn_params.o(i.ble_conn_params_init)
 <LI><a href="#[58]">user_id_write_handler</a> from .\_build\main.o(i.user_id_write_handler) referenced from .\_build\main.o(i.services_init)
 <LI><a href="#[48]">wdt_event_handler</a> from .\_build\main.o(i.wdt_event_handler) referenced from .\_build\main.o(i.main)
 <LI><a href="#[92]">wmap</a> from .\_build\nrf_fstorage_sd.o(i.wmap) referenced from .\_build\nrf_fstorage_sd.o(.constdata)
 <LI><a href="#[8f]">write</a> from .\_build\nrf_fstorage_sd.o(i.write) referenced from .\_build\nrf_fstorage_sd.o(.constdata)
</UL>
<P>
<H3>
Global Symbols
</H3>
<P><STRONG><a name="[35]"></a>__main</STRONG> (Thumb, 0 bytes, Stack size unknown bytes, C:\Keil_v5\ARM\ARMCC\Bin\..\lib\armlib\mc_w.l(entry.o)(.ARM.Collect$$$$00000000))
<BR>[Address Reference Count : 1]<UL><LI> arm_startup_nrf52.o(.text)
</UL>
<P><STRONG><a name="[428]"></a>_main_stk</STRONG> (Thumb, 0 bytes, Stack size unknown bytes, C:\Keil_v5\ARM\ARMCC\Bin\..\lib\armlib\mc_w.l(entry2.o)(.ARM.Collect$$$$00000001))

<P><STRONG><a name="[b7]"></a>_main_scatterload</STRONG> (Thumb, 0 bytes, Stack size unknown bytes, C:\Keil_v5\ARM\ARMCC\Bin\..\lib\armlib\mc_w.l(entry5.o)(.ARM.Collect$$$$00000004))
<BR><BR>[Calls]<UL><LI><a href="#[b8]">&gt;&gt;</a>&nbsp;&nbsp;&nbsp;__scatterload
</UL>

<P><STRONG><a name="[cf]"></a>__main_after_scatterload</STRONG> (Thumb, 0 bytes, Stack size unknown bytes, C:\Keil_v5\ARM\ARMCC\Bin\..\lib\armlib\mc_w.l(entry5.o)(.ARM.Collect$$$$00000004))
<BR><BR>[Called By]<UL><LI><a href="#[b8]">&gt;&gt;</a>&nbsp;&nbsp;&nbsp;__scatterload
</UL>

<P><STRONG><a name="[429]"></a>_main_clock</STRONG> (Thumb, 0 bytes, Stack size unknown bytes, C:\Keil_v5\ARM\ARMCC\Bin\..\lib\armlib\mc_w.l(entry7b.o)(.ARM.Collect$$$$00000008))

<P><STRONG><a name="[42a]"></a>_main_cpp_init</STRONG> (Thumb, 0 bytes, Stack size unknown bytes, C:\Keil_v5\ARM\ARMCC\Bin\..\lib\armlib\mc_w.l(entry8b.o)(.ARM.Collect$$$$0000000A))

<P><STRONG><a name="[42b]"></a>_main_init</STRONG> (Thumb, 0 bytes, Stack size unknown bytes, C:\Keil_v5\ARM\ARMCC\Bin\..\lib\armlib\mc_w.l(entry9a.o)(.ARM.Collect$$$$0000000B))

<P><STRONG><a name="[42c]"></a>__rt_final_cpp</STRONG> (Thumb, 0 bytes, Stack size unknown bytes, C:\Keil_v5\ARM\ARMCC\Bin\..\lib\armlib\mc_w.l(entry10a.o)(.ARM.Collect$$$$0000000D))

<P><STRONG><a name="[42d]"></a>__rt_final_exit</STRONG> (Thumb, 0 bytes, Stack size unknown bytes, C:\Keil_v5\ARM\ARMCC\Bin\..\lib\armlib\mc_w.l(entry11a.o)(.ARM.Collect$$$$0000000F))

<P><STRONG><a name="[b9]"></a>app_error_handler</STRONG> (Thumb, 26 bytes, Stack size 0 bytes, .\_build\app_error_handler_keil.o(.emb_text))
<BR><BR>[Stack]<UL><LI>Max Depth = 276<LI>Call Chain = app_error_handler &rArr; app_error_fault_handler &rArr; nrf_log_frontend_std_5 &rArr; std_n &rArr; nrf_log_frontend_dequeue &rArr; nrf_memobj_alloc &rArr; nrf_memobj_free &rArr; nrf_balloc_free &rArr; app_util_critical_region_enter
</UL>
<BR>[Calls]<UL><LI><a href="#[50]">&gt;&gt;</a>&nbsp;&nbsp;&nbsp;app_error_fault_handler
</UL>
<BR>[Called By]<UL><LI><a href="#[9d]">&gt;&gt;</a>&nbsp;&nbsp;&nbsp;ble_evt_handler
<LI><a href="#[2eb]">&gt;&gt;</a>&nbsp;&nbsp;&nbsp;timers_init
<LI><a href="#[2ee]">&gt;&gt;</a>&nbsp;&nbsp;&nbsp;services_init
<LI><a href="#[2f4]">&gt;&gt;</a>&nbsp;&nbsp;&nbsp;profile_setup
<LI><a href="#[41]">&gt;&gt;</a>&nbsp;&nbsp;&nbsp;platform_write
<LI><a href="#[42]">&gt;&gt;</a>&nbsp;&nbsp;&nbsp;platform_read
<LI><a href="#[2f0]">&gt;&gt;</a>&nbsp;&nbsp;&nbsp;peer_manager_init
<LI><a href="#[46]">&gt;&gt;</a>&nbsp;&nbsp;&nbsp;on_conn_params_evt
<LI><a href="#[36]">&gt;&gt;</a>&nbsp;&nbsp;&nbsp;on_adv_evt
<LI><a href="#[56]">&gt;&gt;</a>&nbsp;&nbsp;&nbsp;nrf_qwr_error_handler
<LI><a href="#[27e]">&gt;&gt;</a>&nbsp;&nbsp;&nbsp;gap_params_init
<LI><a href="#[69]">&gt;&gt;</a>&nbsp;&nbsp;&nbsp;csc_meas_timeout_handler
<LI><a href="#[47]">&gt;&gt;</a>&nbsp;&nbsp;&nbsp;conn_params_error_handler
<LI><a href="#[207]">&gt;&gt;</a>&nbsp;&nbsp;&nbsp;button_and_leds_init
<LI><a href="#[1dc]">&gt;&gt;</a>&nbsp;&nbsp;&nbsp;ble_stack_init
<LI><a href="#[ab]">&gt;&gt;</a>&nbsp;&nbsp;&nbsp;ble_evt_handler
<LI><a href="#[169]">&gt;&gt;</a>&nbsp;&nbsp;&nbsp;application_timers_start
<LI><a href="#[134]">&gt;&gt;</a>&nbsp;&nbsp;&nbsp;advertising_init
<LI><a href="#[2f2]">&gt;&gt;</a>&nbsp;&nbsp;&nbsp;pwm_init
<LI><a href="#[3c9]">&gt;&gt;</a>&nbsp;&nbsp;&nbsp;pm_handler_on_pm_evt
<LI><a href="#[3ca]">&gt;&gt;</a>&nbsp;&nbsp;&nbsp;pm_handler_flash_clean
<LI><a href="#[202]">&gt;&gt;</a>&nbsp;&nbsp;&nbsp;buff_save
<LI><a href="#[1fb]">&gt;&gt;</a>&nbsp;&nbsp;&nbsp;buff_init
<LI><a href="#[1b4]">&gt;&gt;</a>&nbsp;&nbsp;&nbsp;ble_dfu_buttonless_init
<LI><a href="#[2f1]">&gt;&gt;</a>&nbsp;&nbsp;&nbsp;spi_init
<LI><a href="#[2f3]">&gt;&gt;</a>&nbsp;&nbsp;&nbsp;saadc_init
<LI><a href="#[33]">&gt;&gt;</a>&nbsp;&nbsp;&nbsp;main
<LI><a href="#[3f]">&gt;&gt;</a>&nbsp;&nbsp;&nbsp;bsp_event_handler
<LI><a href="#[137]">&gt;&gt;</a>&nbsp;&nbsp;&nbsp;advertising_start
<LI><a href="#[6b]">&gt;&gt;</a>&nbsp;&nbsp;&nbsp;HR_advdata_manuf_data_update
<LI><a href="#[1bc]">&gt;&gt;</a>&nbsp;&nbsp;&nbsp;sys_id_encode
<LI><a href="#[1bd]">&gt;&gt;</a>&nbsp;&nbsp;&nbsp;pnp_id_encode
<LI><a href="#[1bb]">&gt;&gt;</a>&nbsp;&nbsp;&nbsp;char_add
<LI><a href="#[12a]">&gt;&gt;</a>&nbsp;&nbsp;&nbsp;_conn_secure
<LI><a href="#[364]">&gt;&gt;</a>&nbsp;&nbsp;&nbsp;uart_init
<LI><a href="#[4f]">&gt;&gt;</a>&nbsp;&nbsp;&nbsp;serial_tx
<LI><a href="#[b0]">&gt;&gt;</a>&nbsp;&nbsp;&nbsp;nrf_sdh_ble_evts_poll
<LI><a href="#[380]">&gt;&gt;</a>&nbsp;&nbsp;&nbsp;softdevices_evt_irq_enable
<LI><a href="#[37f]">&gt;&gt;</a>&nbsp;&nbsp;&nbsp;softdevice_evt_irq_disable
<LI><a href="#[14e]">&gt;&gt;</a>&nbsp;&nbsp;&nbsp;ant_message_send
<LI><a href="#[b2]">&gt;&gt;</a>&nbsp;&nbsp;&nbsp;nrf_sdh_ant_evts_poll
<LI><a href="#[b1]">&gt;&gt;</a>&nbsp;&nbsp;&nbsp;nrf_sdh_soc_evts_poll
<LI><a href="#[9a]">&gt;&gt;</a>&nbsp;&nbsp;&nbsp;m_shutdown_handler
<LI><a href="#[9c]">&gt;&gt;</a>&nbsp;&nbsp;&nbsp;ant_evt_handler
</UL>

<P><STRONG><a name="[308]"></a>__asm___12_nrf_atfifo_c_51f461e1__nrf_atfifo_wspace_req</STRONG> (Thumb, 56 bytes, Stack size 0 bytes, .\_build\nrf_atfifo.o(.emb_text))
<BR><BR>[Called By]<UL><LI><a href="#[252]">&gt;&gt;</a>&nbsp;&nbsp;&nbsp;nrf_atfifo_item_alloc
</UL>

<P><STRONG><a name="[ba]"></a>__asm___12_nrf_atfifo_c_51f461e1__nrf_atfifo_wspace_close</STRONG> (Thumb, 18 bytes, Stack size 0 bytes, .\_build\nrf_atfifo.o(.emb_text))
<BR><BR>[Calls]<UL><LI><a href="#[ba]">&gt;&gt;</a>&nbsp;&nbsp;&nbsp;__asm___12_nrf_atfifo_c_51f461e1__nrf_atfifo_wspace_close
</UL>
<BR>[Called By]<UL><LI><a href="#[253]">&gt;&gt;</a>&nbsp;&nbsp;&nbsp;nrf_atfifo_item_put
<LI><a href="#[ba]">&gt;&gt;</a>&nbsp;&nbsp;&nbsp;__asm___12_nrf_atfifo_c_51f461e1__nrf_atfifo_wspace_close
</UL>

<P><STRONG><a name="[30b]"></a>__asm___12_nrf_atfifo_c_51f461e1__nrf_atfifo_rspace_req</STRONG> (Thumb, 58 bytes, Stack size 0 bytes, .\_build\nrf_atfifo.o(.emb_text))
<BR><BR>[Called By]<UL><LI><a href="#[30a]">&gt;&gt;</a>&nbsp;&nbsp;&nbsp;nrf_atfifo_item_get
</UL>

<P><STRONG><a name="[bb]"></a>__asm___12_nrf_atfifo_c_51f461e1__nrf_atfifo_rspace_close</STRONG> (Thumb, 18 bytes, Stack size 0 bytes, .\_build\nrf_atfifo.o(.emb_text))
<BR><BR>[Calls]<UL><LI><a href="#[bb]">&gt;&gt;</a>&nbsp;&nbsp;&nbsp;__asm___12_nrf_atfifo_c_51f461e1__nrf_atfifo_rspace_close
</UL>
<BR>[Called By]<UL><LI><a href="#[309]">&gt;&gt;</a>&nbsp;&nbsp;&nbsp;nrf_atfifo_item_free
<LI><a href="#[bb]">&gt;&gt;</a>&nbsp;&nbsp;&nbsp;__asm___12_nrf_atfifo_c_51f461e1__nrf_atfifo_rspace_close
</UL>

<P><STRONG><a name="[307]"></a>__asm___12_nrf_atfifo_c_51f461e1__nrf_atfifo_space_clear</STRONG> (Thumb, 50 bytes, Stack size 0 bytes, .\_build\nrf_atfifo.o(.emb_text))
<BR><BR>[Called By]<UL><LI><a href="#[306]">&gt;&gt;</a>&nbsp;&nbsp;&nbsp;nrf_atfifo_clear
</UL>

<P><STRONG><a name="[313]"></a>__asm___12_nrf_atomic_c_85ca2469__nrf_atomic_internal_mov</STRONG> (Thumb, 24 bytes, Stack size 0 bytes, .\_build\nrf_atomic.o(.emb_text))
<BR><BR>[Called By]<UL><LI><a href="#[23f]">&gt;&gt;</a>&nbsp;&nbsp;&nbsp;nrf_atomic_u32_fetch_store
</UL>

<P><STRONG><a name="[312]"></a>__asm___12_nrf_atomic_c_85ca2469__nrf_atomic_internal_orr</STRONG> (Thumb, 26 bytes, Stack size 0 bytes, .\_build\nrf_atomic.o(.emb_text))
<BR><BR>[Called By]<UL><LI><a href="#[30d]">&gt;&gt;</a>&nbsp;&nbsp;&nbsp;nrf_atomic_u32_or
<LI><a href="#[30c]">&gt;&gt;</a>&nbsp;&nbsp;&nbsp;nrf_atomic_u32_fetch_or
</UL>

<P><STRONG><a name="[310]"></a>__asm___12_nrf_atomic_c_85ca2469__nrf_atomic_internal_and</STRONG> (Thumb, 26 bytes, Stack size 0 bytes, .\_build\nrf_atomic.o(.emb_text))
<BR><BR>[Called By]<UL><LI><a href="#[1c4]">&gt;&gt;</a>&nbsp;&nbsp;&nbsp;nrf_atomic_u32_and
<LI><a href="#[30e]">&gt;&gt;</a>&nbsp;&nbsp;&nbsp;nrf_atomic_u32_fetch_and
</UL>

<P><STRONG><a name="[42e]"></a>__asm___12_nrf_atomic_c_85ca2469__nrf_atomic_internal_eor</STRONG> (Thumb, 26 bytes, Stack size 0 bytes, .\_build\nrf_atomic.o(.emb_text), UNUSED)

<P><STRONG><a name="[30f]"></a>__asm___12_nrf_atomic_c_85ca2469__nrf_atomic_internal_add</STRONG> (Thumb, 26 bytes, Stack size 0 bytes, .\_build\nrf_atomic.o(.emb_text))
<BR><BR>[Called By]<UL><LI><a href="#[311]">&gt;&gt;</a>&nbsp;&nbsp;&nbsp;nrf_atomic_u32_fetch_add
<LI><a href="#[1f8]">&gt;&gt;</a>&nbsp;&nbsp;&nbsp;nrf_atomic_u32_add
</UL>

<P><STRONG><a name="[315]"></a>__asm___12_nrf_atomic_c_85ca2469__nrf_atomic_internal_sub</STRONG> (Thumb, 26 bytes, Stack size 0 bytes, .\_build\nrf_atomic.o(.emb_text))
<BR><BR>[Called By]<UL><LI><a href="#[314]">&gt;&gt;</a>&nbsp;&nbsp;&nbsp;nrf_atomic_u32_sub
</UL>

<P><STRONG><a name="[42f]"></a>__asm___12_nrf_atomic_c_85ca2469__nrf_atomic_internal_cmp_exch</STRONG> (Thumb, 42 bytes, Stack size 0 bytes, .\_build\nrf_atomic.o(.emb_text), UNUSED)

<P><STRONG><a name="[430]"></a>__asm___12_nrf_atomic_c_85ca2469__nrf_atomic_internal_sub_hs</STRONG> (Thumb, 30 bytes, Stack size 0 bytes, .\_build\nrf_atomic.o(.emb_text), UNUSED)

<P><STRONG><a name="[4]"></a>Reset_Handler</STRONG> (Thumb, 8 bytes, Stack size 0 bytes, .\_build\arm_startup_nrf52.o(.text))
<BR>[Address Reference Count : 1]<UL><LI> arm_startup_nrf52.o(RESET)
</UL>
<P><STRONG><a name="[5]"></a>NMI_Handler</STRONG> (Thumb, 2 bytes, Stack size 0 bytes, .\_build\arm_startup_nrf52.o(.text))
<BR><BR>[Calls]<UL><LI><a href="#[5]">&gt;&gt;</a>&nbsp;&nbsp;&nbsp;NMI_Handler
</UL>
<BR>[Called By]<UL><LI><a href="#[5]">&gt;&gt;</a>&nbsp;&nbsp;&nbsp;NMI_Handler
</UL>
<BR>[Address Reference Count : 1]<UL><LI> arm_startup_nrf52.o(RESET)
</UL>
<P><STRONG><a name="[6]"></a>HardFault_Handler</STRONG> (Thumb, 2 bytes, Stack size 0 bytes, .\_build\arm_startup_nrf52.o(.text))
<BR><BR>[Calls]<UL><LI><a href="#[6]">&gt;&gt;</a>&nbsp;&nbsp;&nbsp;HardFault_Handler
</UL>
<BR>[Called By]<UL><LI><a href="#[6]">&gt;&gt;</a>&nbsp;&nbsp;&nbsp;HardFault_Handler
</UL>
<BR>[Address Reference Count : 1]<UL><LI> arm_startup_nrf52.o(RESET)
</UL>
<P><STRONG><a name="[7]"></a>MemoryManagement_Handler</STRONG> (Thumb, 2 bytes, Stack size 0 bytes, .\_build\arm_startup_nrf52.o(.text))
<BR><BR>[Calls]<UL><LI><a href="#[7]">&gt;&gt;</a>&nbsp;&nbsp;&nbsp;MemoryManagement_Handler
</UL>
<BR>[Called By]<UL><LI><a href="#[7]">&gt;&gt;</a>&nbsp;&nbsp;&nbsp;MemoryManagement_Handler
</UL>
<BR>[Address Reference Count : 1]<UL><LI> arm_startup_nrf52.o(RESET)
</UL>
<P><STRONG><a name="[8]"></a>BusFault_Handler</STRONG> (Thumb, 2 bytes, Stack size 0 bytes, .\_build\arm_startup_nrf52.o(.text))
<BR><BR>[Calls]<UL><LI><a href="#[8]">&gt;&gt;</a>&nbsp;&nbsp;&nbsp;BusFault_Handler
</UL>
<BR>[Called By]<UL><LI><a href="#[8]">&gt;&gt;</a>&nbsp;&nbsp;&nbsp;BusFault_Handler
</UL>
<BR>[Address Reference Count : 1]<UL><LI> arm_startup_nrf52.o(RESET)
</UL>
<P><STRONG><a name="[9]"></a>UsageFault_Handler</STRONG> (Thumb, 2 bytes, Stack size 0 bytes, .\_build\arm_startup_nrf52.o(.text))
<BR><BR>[Calls]<UL><LI><a href="#[9]">&gt;&gt;</a>&nbsp;&nbsp;&nbsp;UsageFault_Handler
</UL>
<BR>[Called By]<UL><LI><a href="#[9]">&gt;&gt;</a>&nbsp;&nbsp;&nbsp;UsageFault_Handler
</UL>
<BR>[Address Reference Count : 1]<UL><LI> arm_startup_nrf52.o(RESET)
</UL>
<P><STRONG><a name="[a]"></a>SVC_Handler</STRONG> (Thumb, 2 bytes, Stack size 0 bytes, .\_build\arm_startup_nrf52.o(.text))
<BR><BR>[Calls]<UL><LI><a href="#[a]">&gt;&gt;</a>&nbsp;&nbsp;&nbsp;SVC_Handler
</UL>
<BR>[Called By]<UL><LI><a href="#[a]">&gt;&gt;</a>&nbsp;&nbsp;&nbsp;SVC_Handler
</UL>
<BR>[Address Reference Count : 1]<UL><LI> arm_startup_nrf52.o(RESET)
</UL>
<P><STRONG><a name="[b]"></a>DebugMon_Handler</STRONG> (Thumb, 2 bytes, Stack size 0 bytes, .\_build\arm_startup_nrf52.o(.text))
<BR><BR>[Calls]<UL><LI><a href="#[b]">&gt;&gt;</a>&nbsp;&nbsp;&nbsp;DebugMon_Handler
</UL>
<BR>[Called By]<UL><LI><a href="#[b]">&gt;&gt;</a>&nbsp;&nbsp;&nbsp;DebugMon_Handler
</UL>
<BR>[Address Reference Count : 1]<UL><LI> arm_startup_nrf52.o(RESET)
</UL>
<P><STRONG><a name="[c]"></a>PendSV_Handler</STRONG> (Thumb, 2 bytes, Stack size 0 bytes, .\_build\arm_startup_nrf52.o(.text))
<BR><BR>[Calls]<UL><LI><a href="#[c]">&gt;&gt;</a>&nbsp;&nbsp;&nbsp;PendSV_Handler
</UL>
<BR>[Called By]<UL><LI><a href="#[c]">&gt;&gt;</a>&nbsp;&nbsp;&nbsp;PendSV_Handler
</UL>
<BR>[Address Reference Count : 1]<UL><LI> arm_startup_nrf52.o(RESET)
</UL>
<P><STRONG><a name="[d]"></a>SysTick_Handler</STRONG> (Thumb, 2 bytes, Stack size 0 bytes, .\_build\arm_startup_nrf52.o(.text))
<BR><BR>[Calls]<UL><LI><a href="#[d]">&gt;&gt;</a>&nbsp;&nbsp;&nbsp;SysTick_Handler
</UL>
<BR>[Called By]<UL><LI><a href="#[d]">&gt;&gt;</a>&nbsp;&nbsp;&nbsp;SysTick_Handler
</UL>
<BR>[Address Reference Count : 1]<UL><LI> arm_startup_nrf52.o(RESET)
</UL>
<P><STRONG><a name="[1d]"></a>CCM_AAR_IRQHandler</STRONG> (Thumb, 0 bytes, Stack size 0 bytes, .\_build\arm_startup_nrf52.o(.text))
<BR><BR>[Calls]<UL><LI><a href="#[1d]">&gt;&gt;</a>&nbsp;&nbsp;&nbsp;CCM_AAR_IRQHandler
</UL>
<BR>[Called By]<UL><LI><a href="#[1d]">&gt;&gt;</a>&nbsp;&nbsp;&nbsp;CCM_AAR_IRQHandler
</UL>
<BR>[Address Reference Count : 1]<UL><LI> arm_startup_nrf52.o(RESET)
</UL>
<P><STRONG><a name="[21]"></a>COMP_LPCOMP_IRQHandler</STRONG> (Thumb, 0 bytes, Stack size 0 bytes, .\_build\arm_startup_nrf52.o(.text))
<BR>[Address Reference Count : 1]<UL><LI> arm_startup_nrf52.o(RESET)
</UL>
<P><STRONG><a name="[1c]"></a>ECB_IRQHandler</STRONG> (Thumb, 0 bytes, Stack size 0 bytes, .\_build\arm_startup_nrf52.o(.text))
<BR>[Address Reference Count : 1]<UL><LI> arm_startup_nrf52.o(RESET)
</UL>
<P><STRONG><a name="[32]"></a>FPU_IRQHandler</STRONG> (Thumb, 0 bytes, Stack size 0 bytes, .\_build\arm_startup_nrf52.o(.text))
<BR>[Address Reference Count : 1]<UL><LI> arm_startup_nrf52.o(RESET)
</UL>
<P><STRONG><a name="[31]"></a>I2S_IRQHandler</STRONG> (Thumb, 0 bytes, Stack size 0 bytes, .\_build\arm_startup_nrf52.o(.text))
<BR>[Address Reference Count : 1]<UL><LI> arm_startup_nrf52.o(RESET)
</UL>
<P><STRONG><a name="[2c]"></a>MWU_IRQHandler</STRONG> (Thumb, 0 bytes, Stack size 0 bytes, .\_build\arm_startup_nrf52.o(.text))
<BR>[Address Reference Count : 1]<UL><LI> arm_startup_nrf52.o(RESET)
</UL>
<P><STRONG><a name="[13]"></a>NFCT_IRQHandler</STRONG> (Thumb, 0 bytes, Stack size 0 bytes, .\_build\arm_startup_nrf52.o(.text))
<BR>[Address Reference Count : 1]<UL><LI> arm_startup_nrf52.o(RESET)
</UL>
<P><STRONG><a name="[2b]"></a>PDM_IRQHandler</STRONG> (Thumb, 0 bytes, Stack size 0 bytes, .\_build\arm_startup_nrf52.o(.text))
<BR>[Address Reference Count : 1]<UL><LI> arm_startup_nrf52.o(RESET)
</UL>
<P><STRONG><a name="[2e]"></a>PWM2_IRQHandler</STRONG> (Thumb, 0 bytes, Stack size 0 bytes, .\_build\arm_startup_nrf52.o(.text))
<BR>[Address Reference Count : 1]<UL><LI> arm_startup_nrf52.o(RESET)
</UL>
<P><STRONG><a name="[20]"></a>QDEC_IRQHandler</STRONG> (Thumb, 0 bytes, Stack size 0 bytes, .\_build\arm_startup_nrf52.o(.text))
<BR>[Address Reference Count : 1]<UL><LI> arm_startup_nrf52.o(RESET)
</UL>
<P><STRONG><a name="[f]"></a>RADIO_IRQHandler</STRONG> (Thumb, 0 bytes, Stack size 0 bytes, .\_build\arm_startup_nrf52.o(.text))
<BR>[Address Reference Count : 1]<UL><LI> arm_startup_nrf52.o(RESET)
</UL>
<P><STRONG><a name="[19]"></a>RTC0_IRQHandler</STRONG> (Thumb, 0 bytes, Stack size 0 bytes, .\_build\arm_startup_nrf52.o(.text))
<BR>[Address Reference Count : 1]<UL><LI> arm_startup_nrf52.o(RESET)
</UL>
<P><STRONG><a name="[30]"></a>RTC2_IRQHandler</STRONG> (Thumb, 0 bytes, Stack size 0 bytes, .\_build\arm_startup_nrf52.o(.text))
<BR>[Address Reference Count : 1]<UL><LI> arm_startup_nrf52.o(RESET)
</UL>
<P><STRONG><a name="[12]"></a>SPIM1_SPIS1_TWIM1_TWIS1_SPI1_TWI1_IRQHandler</STRONG> (Thumb, 0 bytes, Stack size 0 bytes, .\_build\arm_startup_nrf52.o(.text))
<BR>[Address Reference Count : 1]<UL><LI> arm_startup_nrf52.o(RESET)
</UL>
<P><STRONG><a name="[2f]"></a>SPIM2_SPIS2_SPI2_IRQHandler</STRONG> (Thumb, 0 bytes, Stack size 0 bytes, .\_build\arm_startup_nrf52.o(.text))
<BR>[Address Reference Count : 1]<UL><LI> arm_startup_nrf52.o(RESET)
</UL>
<P><STRONG><a name="[22]"></a>SWI0_EGU0_IRQHandler</STRONG> (Thumb, 0 bytes, Stack size 0 bytes, .\_build\arm_startup_nrf52.o(.text))
<BR>[Address Reference Count : 1]<UL><LI> arm_startup_nrf52.o(RESET)
</UL>
<P><STRONG><a name="[23]"></a>SWI1_EGU1_IRQHandler</STRONG> (Thumb, 0 bytes, Stack size 0 bytes, .\_build\arm_startup_nrf52.o(.text))
<BR>[Address Reference Count : 1]<UL><LI> arm_startup_nrf52.o(RESET)
</UL>
<P><STRONG><a name="[25]"></a>SWI3_EGU3_IRQHandler</STRONG> (Thumb, 0 bytes, Stack size 0 bytes, .\_build\arm_startup_nrf52.o(.text))
<BR>[Address Reference Count : 1]<UL><LI> arm_startup_nrf52.o(RESET)
</UL>
<P><STRONG><a name="[26]"></a>SWI4_EGU4_IRQHandler</STRONG> (Thumb, 0 bytes, Stack size 0 bytes, .\_build\arm_startup_nrf52.o(.text))
<BR>[Address Reference Count : 1]<UL><LI> arm_startup_nrf52.o(RESET)
</UL>
<P><STRONG><a name="[27]"></a>SWI5_EGU5_IRQHandler</STRONG> (Thumb, 0 bytes, Stack size 0 bytes, .\_build\arm_startup_nrf52.o(.text))
<BR>[Address Reference Count : 1]<UL><LI> arm_startup_nrf52.o(RESET)
</UL>
<P><STRONG><a name="[1a]"></a>TEMP_IRQHandler</STRONG> (Thumb, 0 bytes, Stack size 0 bytes, .\_build\arm_startup_nrf52.o(.text))
<BR>[Address Reference Count : 1]<UL><LI> arm_startup_nrf52.o(RESET)
</UL>
<P><STRONG><a name="[16]"></a>TIMER0_IRQHandler</STRONG> (Thumb, 0 bytes, Stack size 0 bytes, .\_build\arm_startup_nrf52.o(.text))
<BR>[Address Reference Count : 1]<UL><LI> arm_startup_nrf52.o(RESET)
</UL>
<P><STRONG><a name="[17]"></a>TIMER1_IRQHandler</STRONG> (Thumb, 0 bytes, Stack size 0 bytes, .\_build\arm_startup_nrf52.o(.text))
<BR>[Address Reference Count : 1]<UL><LI> arm_startup_nrf52.o(RESET)
</UL>
<P><STRONG><a name="[18]"></a>TIMER2_IRQHandler</STRONG> (Thumb, 0 bytes, Stack size 0 bytes, .\_build\arm_startup_nrf52.o(.text))
<BR>[Address Reference Count : 1]<UL><LI> arm_startup_nrf52.o(RESET)
</UL>
<P><STRONG><a name="[28]"></a>TIMER3_IRQHandler</STRONG> (Thumb, 0 bytes, Stack size 0 bytes, .\_build\arm_startup_nrf52.o(.text))
<BR>[Address Reference Count : 1]<UL><LI> arm_startup_nrf52.o(RESET)
</UL>
<P><STRONG><a name="[29]"></a>TIMER4_IRQHandler</STRONG> (Thumb, 0 bytes, Stack size 0 bytes, .\_build\arm_startup_nrf52.o(.text))
<BR>[Address Reference Count : 1]<UL><LI> arm_startup_nrf52.o(RESET)
</UL>
<P><STRONG><a name="[431]"></a>ocrypto_bigint_add128</STRONG> (Thumb, 0 bytes, Stack size unknown bytes, ..\..\external\nrf_oberon\lib\cortex-m4\hard-float\short-wchar\oberon_3.0.1.lib(ocrypto_bigint256.s.obj)(.text), UNUSED)

<P><STRONG><a name="[432]"></a>ocrypto_bigint_sub128</STRONG> (Thumb, 0 bytes, Stack size unknown bytes, ..\..\external\nrf_oberon\lib\cortex-m4\hard-float\short-wchar\oberon_3.0.1.lib(ocrypto_bigint256.s.obj)(.text), UNUSED)

<P><STRONG><a name="[433]"></a>ocrypto_bigint_add256</STRONG> (Thumb, 0 bytes, Stack size unknown bytes, ..\..\external\nrf_oberon\lib\cortex-m4\hard-float\short-wchar\oberon_3.0.1.lib(ocrypto_bigint256.s.obj)(.text), UNUSED)

<P><STRONG><a name="[eb]"></a>ocrypto_bigint_sub256</STRONG> (Thumb, 0 bytes, Stack size unknown bytes, ..\..\external\nrf_oberon\lib\cortex-m4\hard-float\short-wchar\oberon_3.0.1.lib(ocrypto_bigint256.s.obj)(.text))
<BR><BR>[Called By]<UL><LI><a href="#[fc]">&gt;&gt;</a>&nbsp;&nbsp;&nbsp;ocrypto_sc25519_from32bytes
<LI><a href="#[ea]">&gt;&gt;</a>&nbsp;&nbsp;&nbsp;ocrypto_curve_p256_scalarmult
<LI><a href="#[f8]">&gt;&gt;</a>&nbsp;&nbsp;&nbsp;ocrypto_sc_p256_from32bytes
</UL>

<P><STRONG><a name="[dd]"></a>ocrypto_bigint_cadd256</STRONG> (Thumb, 0 bytes, Stack size unknown bytes, ..\..\external\nrf_oberon\lib\cortex-m4\hard-float\short-wchar\oberon_3.0.1.lib(ocrypto_bigint256.s.obj)(.text))
<BR><BR>[Called By]<UL><LI><a href="#[d6]">&gt;&gt;</a>&nbsp;&nbsp;&nbsp;get_entry.constprop.3
<LI><a href="#[d1]">&gt;&gt;</a>&nbsp;&nbsp;&nbsp;get_entry
<LI><a href="#[fc]">&gt;&gt;</a>&nbsp;&nbsp;&nbsp;ocrypto_sc25519_from32bytes
<LI><a href="#[ea]">&gt;&gt;</a>&nbsp;&nbsp;&nbsp;ocrypto_curve_p256_scalarmult
<LI><a href="#[f8]">&gt;&gt;</a>&nbsp;&nbsp;&nbsp;ocrypto_sc_p256_from32bytes
</UL>

<P><STRONG><a name="[434]"></a>ocrypto_bigint_csub256</STRONG> (Thumb, 0 bytes, Stack size unknown bytes, ..\..\external\nrf_oberon\lib\cortex-m4\hard-float\short-wchar\oberon_3.0.1.lib(ocrypto_bigint256.s.obj)(.text), UNUSED)

<P><STRONG><a name="[bc]"></a>ocrypto_bigint_cswap256</STRONG> (Thumb, 0 bytes, Stack size unknown bytes, ..\..\external\nrf_oberon\lib\cortex-m4\hard-float\short-wchar\oberon_3.0.1.lib(ocrypto_bigint256.s.obj)(.text))
<BR><BR>[Calls]<UL><LI><a href="#[bd]">&gt;&gt;</a>&nbsp;&nbsp;&nbsp;cswap64
</UL>
<BR>[Called By]<UL><LI><a href="#[de]">&gt;&gt;</a>&nbsp;&nbsp;&nbsp;ocrypto_curve25519_scalarmult
<LI><a href="#[d3]">&gt;&gt;</a>&nbsp;&nbsp;&nbsp;mixaddsub_p1p1
<LI><a href="#[ed]">&gt;&gt;</a>&nbsp;&nbsp;&nbsp;ocrypto_mod_p256_cneg
<LI><a href="#[ea]">&gt;&gt;</a>&nbsp;&nbsp;&nbsp;ocrypto_curve_p256_scalarmult
</UL>

<P><STRONG><a name="[103]"></a>ocrypto_bigint_mul128</STRONG> (Thumb, 0 bytes, Stack size unknown bytes, ..\..\external\nrf_oberon\lib\cortex-m4\hard-float\short-wchar\oberon_3.0.1.lib(ocrypto_bigint256.s.obj)(.text))
<BR><BR>[Called By]<UL><LI><a href="#[fc]">&gt;&gt;</a>&nbsp;&nbsp;&nbsp;ocrypto_sc25519_from32bytes
</UL>

<P><STRONG><a name="[435]"></a>ocrypto_bigint_sqr256</STRONG> (Thumb, 0 bytes, Stack size unknown bytes, ..\..\external\nrf_oberon\lib\cortex-m4\hard-float\short-wchar\oberon_3.0.1.lib(ocrypto_bigint256.s.obj)(.text), UNUSED)

<P><STRONG><a name="[436]"></a>ocrypto_bigint_mul256</STRONG> (Thumb, 0 bytes, Stack size unknown bytes, ..\..\external\nrf_oberon\lib\cortex-m4\hard-float\short-wchar\oberon_3.0.1.lib(ocrypto_bigint256.s.obj)(.text), UNUSED)

<P><STRONG><a name="[e9]"></a>ocrypto_constant_time_equal</STRONG> (Thumb, 0 bytes, Stack size unknown bytes, ..\..\external\nrf_oberon\lib\cortex-m4\hard-float\short-wchar\oberon_3.0.1.lib(ocrypto_constant_time.s.obj)(.text))
<BR><BR>[Called By]<UL><LI><a href="#[e4]">&gt;&gt;</a>&nbsp;&nbsp;&nbsp;ocrypto_curve_p256_from64bytes
</UL>

<P><STRONG><a name="[f2]"></a>ocrypto_constant_time_is_zero</STRONG> (Thumb, 0 bytes, Stack size unknown bytes, ..\..\external\nrf_oberon\lib\cortex-m4\hard-float\short-wchar\oberon_3.0.1.lib(ocrypto_constant_time.s.obj)(.text))
<BR><BR>[Called By]<UL><LI><a href="#[ea]">&gt;&gt;</a>&nbsp;&nbsp;&nbsp;ocrypto_curve_p256_scalarmult
</UL>

<P><STRONG><a name="[be]"></a>ocrypto_constant_time_copy</STRONG> (Thumb, 0 bytes, Stack size unknown bytes, ..\..\external\nrf_oberon\lib\cortex-m4\hard-float\short-wchar\oberon_3.0.1.lib(ocrypto_constant_time.s.obj)(.text))
<BR><BR>[Calls]<UL><LI><a href="#[be]">&gt;&gt;</a>&nbsp;&nbsp;&nbsp;ocrypto_constant_time_copy
</UL>
<BR>[Called By]<UL><LI><a href="#[de]">&gt;&gt;</a>&nbsp;&nbsp;&nbsp;ocrypto_curve25519_scalarmult
<LI><a href="#[ed]">&gt;&gt;</a>&nbsp;&nbsp;&nbsp;ocrypto_mod_p256_cneg
<LI><a href="#[be]">&gt;&gt;</a>&nbsp;&nbsp;&nbsp;ocrypto_constant_time_copy
</UL>

<P><STRONG><a name="[102]"></a>ocrypto_constant_time_fill_zero</STRONG> (Thumb, 0 bytes, Stack size unknown bytes, ..\..\external\nrf_oberon\lib\cortex-m4\hard-float\short-wchar\oberon_3.0.1.lib(ocrypto_constant_time.s.obj)(.text))
<BR><BR>[Called By]<UL><LI><a href="#[ed]">&gt;&gt;</a>&nbsp;&nbsp;&nbsp;ocrypto_mod_p256_cneg
</UL>

<P><STRONG><a name="[e7]"></a>ocrypto_mod_p256_add</STRONG> (Thumb, 0 bytes, Stack size unknown bytes, ..\..\external\nrf_oberon\lib\cortex-m4\hard-float\short-wchar\oberon_3.0.1.lib(ocrypto_mod_p256_base.s.obj)(.text))
<BR><BR>[Called By]<UL><LI><a href="#[ef]">&gt;&gt;</a>&nbsp;&nbsp;&nbsp;p256_zaddc
<LI><a href="#[ec]">&gt;&gt;</a>&nbsp;&nbsp;&nbsp;p256_zdblu
<LI><a href="#[e4]">&gt;&gt;</a>&nbsp;&nbsp;&nbsp;ocrypto_curve_p256_from64bytes
</UL>

<P><STRONG><a name="[f1]"></a>ocrypto_mod_p256_sub</STRONG> (Thumb, 0 bytes, Stack size unknown bytes, ..\..\external\nrf_oberon\lib\cortex-m4\hard-float\short-wchar\oberon_3.0.1.lib(ocrypto_mod_p256_base.s.obj)(.text))
<BR><BR>[Called By]<UL><LI><a href="#[ed]">&gt;&gt;</a>&nbsp;&nbsp;&nbsp;ocrypto_mod_p256_cneg
<LI><a href="#[ee]">&gt;&gt;</a>&nbsp;&nbsp;&nbsp;p256_zaddu
<LI><a href="#[ef]">&gt;&gt;</a>&nbsp;&nbsp;&nbsp;p256_zaddc
<LI><a href="#[ec]">&gt;&gt;</a>&nbsp;&nbsp;&nbsp;p256_zdblu
<LI><a href="#[ea]">&gt;&gt;</a>&nbsp;&nbsp;&nbsp;ocrypto_curve_p256_scalarmult
</UL>

<P><STRONG><a name="[e6]"></a>ocrypto_mod_p256_square</STRONG> (Thumb, 0 bytes, Stack size unknown bytes, ..\..\external\nrf_oberon\lib\cortex-m4\hard-float\short-wchar\oberon_3.0.1.lib(ocrypto_mod_p256_base.s.obj)(.text))
<BR><BR>[Called By]<UL><LI><a href="#[ee]">&gt;&gt;</a>&nbsp;&nbsp;&nbsp;p256_zaddu
<LI><a href="#[ef]">&gt;&gt;</a>&nbsp;&nbsp;&nbsp;p256_zaddc
<LI><a href="#[ec]">&gt;&gt;</a>&nbsp;&nbsp;&nbsp;p256_zdblu
<LI><a href="#[f0]">&gt;&gt;</a>&nbsp;&nbsp;&nbsp;ocrypto_mod_p256_invert
<LI><a href="#[ea]">&gt;&gt;</a>&nbsp;&nbsp;&nbsp;ocrypto_curve_p256_scalarmult
<LI><a href="#[e4]">&gt;&gt;</a>&nbsp;&nbsp;&nbsp;ocrypto_curve_p256_from64bytes
</UL>

<P><STRONG><a name="[e8]"></a>ocrypto_mod_p256_mul</STRONG> (Thumb, 0 bytes, Stack size unknown bytes, ..\..\external\nrf_oberon\lib\cortex-m4\hard-float\short-wchar\oberon_3.0.1.lib(ocrypto_mod_p256_base.s.obj)(.text))
<BR><BR>[Called By]<UL><LI><a href="#[ee]">&gt;&gt;</a>&nbsp;&nbsp;&nbsp;p256_zaddu
<LI><a href="#[ef]">&gt;&gt;</a>&nbsp;&nbsp;&nbsp;p256_zaddc
<LI><a href="#[ec]">&gt;&gt;</a>&nbsp;&nbsp;&nbsp;p256_zdblu
<LI><a href="#[f0]">&gt;&gt;</a>&nbsp;&nbsp;&nbsp;ocrypto_mod_p256_invert
<LI><a href="#[ea]">&gt;&gt;</a>&nbsp;&nbsp;&nbsp;ocrypto_curve_p256_scalarmult
<LI><a href="#[e4]">&gt;&gt;</a>&nbsp;&nbsp;&nbsp;ocrypto_curve_p256_from64bytes
</UL>

<P><STRONG><a name="[d9]"></a>ocrypto_mod25519_add</STRONG> (Thumb, 0 bytes, Stack size unknown bytes, ..\..\external\nrf_oberon\lib\cortex-m4\hard-float\short-wchar\oberon_3.0.1.lib(ocrypto_mod25519_base.s.obj)(.text))
<BR><BR>[Called By]<UL><LI><a href="#[de]">&gt;&gt;</a>&nbsp;&nbsp;&nbsp;ocrypto_curve25519_scalarmult
<LI><a href="#[d7]">&gt;&gt;</a>&nbsp;&nbsp;&nbsp;dbl_p1p1
<LI><a href="#[d3]">&gt;&gt;</a>&nbsp;&nbsp;&nbsp;mixaddsub_p1p1
</UL>

<P><STRONG><a name="[db]"></a>ocrypto_mod25519_sub</STRONG> (Thumb, 0 bytes, Stack size unknown bytes, ..\..\external\nrf_oberon\lib\cortex-m4\hard-float\short-wchar\oberon_3.0.1.lib(ocrypto_mod25519_base.s.obj)(.text))
<BR><BR>[Called By]<UL><LI><a href="#[de]">&gt;&gt;</a>&nbsp;&nbsp;&nbsp;ocrypto_curve25519_scalarmult
<LI><a href="#[da]">&gt;&gt;</a>&nbsp;&nbsp;&nbsp;ocrypto_mod25519_neg
<LI><a href="#[d7]">&gt;&gt;</a>&nbsp;&nbsp;&nbsp;dbl_p1p1
<LI><a href="#[d3]">&gt;&gt;</a>&nbsp;&nbsp;&nbsp;mixaddsub_p1p1
</UL>

<P><STRONG><a name="[d8]"></a>ocrypto_mod25519_square</STRONG> (Thumb, 0 bytes, Stack size unknown bytes, ..\..\external\nrf_oberon\lib\cortex-m4\hard-float\short-wchar\oberon_3.0.1.lib(ocrypto_mod25519_base.s.obj)(.text))
<BR><BR>[Called By]<UL><LI><a href="#[de]">&gt;&gt;</a>&nbsp;&nbsp;&nbsp;ocrypto_curve25519_scalarmult
<LI><a href="#[d7]">&gt;&gt;</a>&nbsp;&nbsp;&nbsp;dbl_p1p1
<LI><a href="#[e1]">&gt;&gt;</a>&nbsp;&nbsp;&nbsp;ocrypto_mod25519_power
</UL>

<P><STRONG><a name="[d2]"></a>ocrypto_mod25519_mul</STRONG> (Thumb, 0 bytes, Stack size unknown bytes, ..\..\external\nrf_oberon\lib\cortex-m4\hard-float\short-wchar\oberon_3.0.1.lib(ocrypto_mod25519_base.s.obj)(.text))
<BR><BR>[Called By]<UL><LI><a href="#[de]">&gt;&gt;</a>&nbsp;&nbsp;&nbsp;ocrypto_curve25519_scalarmult
<LI><a href="#[d5]">&gt;&gt;</a>&nbsp;&nbsp;&nbsp;add_entry.constprop.2
<LI><a href="#[d4]">&gt;&gt;</a>&nbsp;&nbsp;&nbsp;add_entry.constprop.1
<LI><a href="#[d0]">&gt;&gt;</a>&nbsp;&nbsp;&nbsp;add_entry.constprop.0
<LI><a href="#[d3]">&gt;&gt;</a>&nbsp;&nbsp;&nbsp;mixaddsub_p1p1
<LI><a href="#[fe]">&gt;&gt;</a>&nbsp;&nbsp;&nbsp;ocrypto_ge25519_pack
<LI><a href="#[fd]">&gt;&gt;</a>&nbsp;&nbsp;&nbsp;ocrypto_ge25519_scalarmult_base
<LI><a href="#[e1]">&gt;&gt;</a>&nbsp;&nbsp;&nbsp;ocrypto_mod25519_power
</UL>

<P><STRONG><a name="[e0]"></a>ocrypto_mod25519_mul121666</STRONG> (Thumb, 0 bytes, Stack size unknown bytes, ..\..\external\nrf_oberon\lib\cortex-m4\hard-float\short-wchar\oberon_3.0.1.lib(ocrypto_mod25519_base.s.obj)(.text))
<BR><BR>[Called By]<UL><LI><a href="#[de]">&gt;&gt;</a>&nbsp;&nbsp;&nbsp;ocrypto_curve25519_scalarmult
</UL>

<P><STRONG><a name="[101]"></a>ocrypto_mod25519_freeze</STRONG> (Thumb, 0 bytes, Stack size unknown bytes, ..\..\external\nrf_oberon\lib\cortex-m4\hard-float\short-wchar\oberon_3.0.1.lib(ocrypto_mod25519_base.s.obj)(.text))
<BR><BR>[Called By]<UL><LI><a href="#[ff]">&gt;&gt;</a>&nbsp;&nbsp;&nbsp;ocrypto_mod25519_getsign
<LI><a href="#[e2]">&gt;&gt;</a>&nbsp;&nbsp;&nbsp;ocrypto_mod25519_toBytes
</UL>

<P><STRONG><a name="[bf]"></a>__aeabi_uldivmod</STRONG> (Thumb, 98 bytes, Stack size 40 bytes, C:\Keil_v5\ARM\ARMCC\Bin\..\lib\armlib\mc_w.l(uldiv.o)(.text))
<BR><BR>[Stack]<UL><LI>Max Depth = 40<LI>Call Chain = __aeabi_uldivmod
</UL>
<BR>[Calls]<UL><LI><a href="#[c1]">&gt;&gt;</a>&nbsp;&nbsp;&nbsp;__aeabi_llsl
<LI><a href="#[c0]">&gt;&gt;</a>&nbsp;&nbsp;&nbsp;__aeabi_llsr
</UL>
<BR>[Called By]<UL><LI><a href="#[171]">&gt;&gt;</a>&nbsp;&nbsp;&nbsp;ast_auth_error_notify
<LI><a href="#[1f1]">&gt;&gt;</a>&nbsp;&nbsp;&nbsp;bsp_led_indication
<LI><a href="#[2f5]">&gt;&gt;</a>&nbsp;&nbsp;&nbsp;nrfx_wdt_init
</UL>

<P><STRONG><a name="[c1]"></a>__aeabi_llsl</STRONG> (Thumb, 30 bytes, Stack size 0 bytes, C:\Keil_v5\ARM\ARMCC\Bin\..\lib\armlib\mc_w.l(llshl.o)(.text))
<BR><BR>[Called By]<UL><LI><a href="#[246]">&gt;&gt;</a>&nbsp;&nbsp;&nbsp;evt_handle
<LI><a href="#[c7]">&gt;&gt;</a>&nbsp;&nbsp;&nbsp;_double_epilogue
<LI><a href="#[c5]">&gt;&gt;</a>&nbsp;&nbsp;&nbsp;__aeabi_dadd
<LI><a href="#[bf]">&gt;&gt;</a>&nbsp;&nbsp;&nbsp;__aeabi_uldivmod
</UL>

<P><STRONG><a name="[437]"></a>_ll_shift_l</STRONG> (Thumb, 0 bytes, Stack size 0 bytes, C:\Keil_v5\ARM\ARMCC\Bin\..\lib\armlib\mc_w.l(llshl.o)(.text), UNUSED)

<P><STRONG><a name="[36c]"></a>__rt_ctype_table</STRONG> (Thumb, 4 bytes, Stack size 0 bytes, C:\Keil_v5\ARM\ARMCC\Bin\..\lib\armlib\mc_w.l(ctype_o.o)(.text))
<BR><BR>[Called By]<UL><LI><a href="#[361]">&gt;&gt;</a>&nbsp;&nbsp;&nbsp;nrf_log_hexdump_entry_process
</UL>

<P><STRONG><a name="[438]"></a>____aeabi_memcpy8$ret$move</STRONG> (Thumb, 0 bytes, Stack size 8 bytes, C:\Keil_v5\ARM\ARMCC\Bin\..\lib\armlib\mc_w.l(memmove.o)(.text), UNUSED)

<P><STRONG><a name="[439]"></a>___aeabi_memmove4$ret</STRONG> (Thumb, 0 bytes, Stack size 8 bytes, C:\Keil_v5\ARM\ARMCC\Bin\..\lib\armlib\mc_w.l(memmove.o)(.text), UNUSED)

<P><STRONG><a name="[43a]"></a>___aeabi_memmove8$ret</STRONG> (Thumb, 0 bytes, Stack size 8 bytes, C:\Keil_v5\ARM\ARMCC\Bin\..\lib\armlib\mc_w.l(memmove.o)(.text), UNUSED)

<P><STRONG><a name="[1b9]"></a>__aeabi_memcpy</STRONG> (Thumb, 66 bytes, Stack size 8 bytes, C:\Keil_v5\ARM\ARMCC\Bin\..\lib\armlib\mc_w.l(memmove.o)(.text))
<BR><BR>[Stack]<UL><LI>Max Depth = 8<LI>Call Chain = __aeabi_memcpy
</UL>
<BR>[Called By]<UL><LI><a href="#[300]">&gt;&gt;</a>&nbsp;&nbsp;&nbsp;mbedtls_ctr_drbg_reseed
<LI><a href="#[18d]">&gt;&gt;</a>&nbsp;&nbsp;&nbsp;service_data_encode
<LI><a href="#[18c]">&gt;&gt;</a>&nbsp;&nbsp;&nbsp;manuf_specific_data_encode
<LI><a href="#[1ab]">&gt;&gt;</a>&nbsp;&nbsp;&nbsp;ble_sc_ctrlpt_init
<LI><a href="#[20c]">&gt;&gt;</a>&nbsp;&nbsp;&nbsp;pds_peer_data_read
<LI><a href="#[82]">&gt;&gt;</a>&nbsp;&nbsp;&nbsp;nrf_crypto_backend_ed25519_private_key_from_raw
<LI><a href="#[375]">&gt;&gt;</a>&nbsp;&nbsp;&nbsp;nrf_queue_push
<LI><a href="#[379]">&gt;&gt;</a>&nbsp;&nbsp;&nbsp;queue_read
<LI><a href="#[303]">&gt;&gt;</a>&nbsp;&nbsp;&nbsp;memobj_op
<LI><a href="#[8e]">&gt;&gt;</a>&nbsp;&nbsp;&nbsp;read
<LI><a href="#[1b7]">&gt;&gt;</a>&nbsp;&nbsp;&nbsp;ble_dfu_buttonless_on_ctrl_pt_write
<LI><a href="#[2ff]">&gt;&gt;</a>&nbsp;&nbsp;&nbsp;mbedtls_ctr_drbg_random_with_add
<LI><a href="#[1e3]">&gt;&gt;</a>&nbsp;&nbsp;&nbsp;block_cipher_df
</UL>

<P><STRONG><a name="[184]"></a>__aeabi_memcpy4</STRONG> (Thumb, 0 bytes, Stack size 8 bytes, C:\Keil_v5\ARM\ARMCC\Bin\..\lib\armlib\mc_w.l(memmove.o)(.text))
<BR><BR>[Stack]<UL><LI>Max Depth = 8<LI>Call Chain = __aeabi_memcpy4
</UL>
<BR>[Called By]<UL><LI><a href="#[9d]">&gt;&gt;</a>&nbsp;&nbsp;&nbsp;ble_evt_handler
<LI><a href="#[198]">&gt;&gt;</a>&nbsp;&nbsp;&nbsp;ble_conn_params_init
<LI><a href="#[192]">&gt;&gt;</a>&nbsp;&nbsp;&nbsp;ble_advertising_modes_config_set
<LI><a href="#[135]">&gt;&gt;</a>&nbsp;&nbsp;&nbsp;ble_advertising_init
<LI><a href="#[31c]">&gt;&gt;</a>&nbsp;&nbsp;&nbsp;on_data_length_update_evt
<LI><a href="#[1c8]">&gt;&gt;</a>&nbsp;&nbsp;&nbsp;im_ble_evt_handler
<LI><a href="#[1ca]">&gt;&gt;</a>&nbsp;&nbsp;&nbsp;gcm_ble_evt_handler
<LI><a href="#[409]">&gt;&gt;</a>&nbsp;&nbsp;&nbsp;service_changed_send_in_evt
<LI><a href="#[2e5]">&gt;&gt;</a>&nbsp;&nbsp;&nbsp;send_unexpected_error
<LI><a href="#[240]">&gt;&gt;</a>&nbsp;&nbsp;&nbsp;local_db_update_in_evt
<LI><a href="#[1c5]">&gt;&gt;</a>&nbsp;&nbsp;&nbsp;conn_handle_list_get
<LI><a href="#[260]">&gt;&gt;</a>&nbsp;&nbsp;&nbsp;peer_data_delete_process
<LI><a href="#[257]">&gt;&gt;</a>&nbsp;&nbsp;&nbsp;new_evt
<LI><a href="#[414]">&gt;&gt;</a>&nbsp;&nbsp;&nbsp;smd_ble_evt_handler
<LI><a href="#[17f]">&gt;&gt;</a>&nbsp;&nbsp;&nbsp;send_unexpected_error
<LI><a href="#[40b]">&gt;&gt;</a>&nbsp;&nbsp;&nbsp;sec_proc_start
<LI><a href="#[237]">&gt;&gt;</a>&nbsp;&nbsp;&nbsp;conn_sec_failure
<LI><a href="#[177]">&gt;&gt;</a>&nbsp;&nbsp;&nbsp;auth_status_success_process
<LI><a href="#[3d0]">&gt;&gt;</a>&nbsp;&nbsp;&nbsp;pm_handler_flash_clean_on_return
<LI><a href="#[80]">&gt;&gt;</a>&nbsp;&nbsp;&nbsp;nrf_crypto_backend_ed25519_public_key_calculate
<LI><a href="#[7d]">&gt;&gt;</a>&nbsp;&nbsp;&nbsp;nrf_crypto_backend_ed25519_key_pair_generate
<LI><a href="#[349]">&gt;&gt;</a>&nbsp;&nbsp;&nbsp;nrf_drv_uart_init
<LI><a href="#[364]">&gt;&gt;</a>&nbsp;&nbsp;&nbsp;uart_init
</UL>

<P><STRONG><a name="[43b]"></a>__aeabi_memmove</STRONG> (Thumb, 0 bytes, Stack size 8 bytes, C:\Keil_v5\ARM\ARMCC\Bin\..\lib\armlib\mc_w.l(memmove.o)(.text), UNUSED)

<P><STRONG><a name="[88]"></a>memcpy</STRONG> (Thumb, 0 bytes, Stack size 8 bytes, C:\Keil_v5\ARM\ARMCC\Bin\..\lib\armlib\mc_w.l(memmove.o)(.text))
<BR><BR>[Stack]<UL><LI>Max Depth = 8<LI>Call Chain = memcpy
</UL>
<BR>[Address Reference Count : 1]<UL><LI> oberon_backend_ecc.o(.constdata)
</UL>
<P><STRONG><a name="[43c]"></a>memmove</STRONG> (Thumb, 0 bytes, Stack size 8 bytes, C:\Keil_v5\ARM\ARMCC\Bin\..\lib\armlib\mc_w.l(memmove.o)(.text), UNUSED)

<P><STRONG><a name="[c3]"></a>__aeabi_memset</STRONG> (Thumb, 14 bytes, Stack size 0 bytes, C:\Keil_v5\ARM\ARMCC\Bin\..\lib\armlib\mc_w.l(memseta.o)(.text))
<BR><BR>[Called By]<UL><LI><a href="#[c4]">&gt;&gt;</a>&nbsp;&nbsp;&nbsp;_memset$wrapper
<LI><a href="#[c2]">&gt;&gt;</a>&nbsp;&nbsp;&nbsp;__aeabi_memclr
</UL>

<P><STRONG><a name="[43d]"></a>__aeabi_memset4</STRONG> (Thumb, 0 bytes, Stack size 0 bytes, C:\Keil_v5\ARM\ARMCC\Bin\..\lib\armlib\mc_w.l(memseta.o)(.text), UNUSED)

<P><STRONG><a name="[43e]"></a>__aeabi_memset8</STRONG> (Thumb, 0 bytes, Stack size 0 bytes, C:\Keil_v5\ARM\ARMCC\Bin\..\lib\armlib\mc_w.l(memseta.o)(.text), UNUSED)

<P><STRONG><a name="[c2]"></a>__aeabi_memclr</STRONG> (Thumb, 4 bytes, Stack size 0 bytes, C:\Keil_v5\ARM\ARMCC\Bin\..\lib\armlib\mc_w.l(memseta.o)(.text))
<BR><BR>[Calls]<UL><LI><a href="#[c3]">&gt;&gt;</a>&nbsp;&nbsp;&nbsp;__aeabi_memset
</UL>
<BR>[Called By]<UL><LI><a href="#[1e2]">&gt;&gt;</a>&nbsp;&nbsp;&nbsp;on_write
<LI><a href="#[156]">&gt;&gt;</a>&nbsp;&nbsp;&nbsp;app_button_init
<LI><a href="#[40c]">&gt;&gt;</a>&nbsp;&nbsp;&nbsp;sec_keyset_fill
<LI><a href="#[274]">&gt;&gt;</a>&nbsp;&nbsp;&nbsp;fds_stat
<LI><a href="#[294]">&gt;&gt;</a>&nbsp;&nbsp;&nbsp;generate_in_range
</UL>

<P><STRONG><a name="[117]"></a>__aeabi_memclr4</STRONG> (Thumb, 0 bytes, Stack size 0 bytes, C:\Keil_v5\ARM\ARMCC\Bin\..\lib\armlib\mc_w.l(memseta.o)(.text))
<BR><BR>[Called By]<UL><LI><a href="#[300]">&gt;&gt;</a>&nbsp;&nbsp;&nbsp;mbedtls_ctr_drbg_reseed
<LI><a href="#[2fd]">&gt;&gt;</a>&nbsp;&nbsp;&nbsp;mbedtls_ctr_drbg_init
<LI><a href="#[1d3]">&gt;&gt;</a>&nbsp;&nbsp;&nbsp;user_id_char_add
<LI><a href="#[1d5]">&gt;&gt;</a>&nbsp;&nbsp;&nbsp;serial_number_char_add
<LI><a href="#[1d4]">&gt;&gt;</a>&nbsp;&nbsp;&nbsp;hr_zone_preference_calc_char_add
<LI><a href="#[1d0]">&gt;&gt;</a>&nbsp;&nbsp;&nbsp;rhr_zone5_threshold_char_add
<LI><a href="#[1cf]">&gt;&gt;</a>&nbsp;&nbsp;&nbsp;rhr_zone4_threshold_char_add
<LI><a href="#[1ce]">&gt;&gt;</a>&nbsp;&nbsp;&nbsp;rhr_zone3_threshold_char_add
<LI><a href="#[1cd]">&gt;&gt;</a>&nbsp;&nbsp;&nbsp;rhr_zone2_threshold_char_add
<LI><a href="#[1cc]">&gt;&gt;</a>&nbsp;&nbsp;&nbsp;rhr_zone1_threshold_char_add
<LI><a href="#[128]">&gt;&gt;</a>&nbsp;&nbsp;&nbsp;SPIVI_zone5_threshold_char_add
<LI><a href="#[127]">&gt;&gt;</a>&nbsp;&nbsp;&nbsp;SPIVI_zone4_threshold_char_add
<LI><a href="#[126]">&gt;&gt;</a>&nbsp;&nbsp;&nbsp;SPIVI_zone3_threshold_char_add
<LI><a href="#[125]">&gt;&gt;</a>&nbsp;&nbsp;&nbsp;SPIVI_zone2_threshold_char_add
<LI><a href="#[124]">&gt;&gt;</a>&nbsp;&nbsp;&nbsp;SPIVI_zone1_threshold_char_add
<LI><a href="#[1ab]">&gt;&gt;</a>&nbsp;&nbsp;&nbsp;ble_sc_ctrlpt_init
<LI><a href="#[1a9]">&gt;&gt;</a>&nbsp;&nbsp;&nbsp;characteristic_add
<LI><a href="#[2ee]">&gt;&gt;</a>&nbsp;&nbsp;&nbsp;services_init
<LI><a href="#[65]">&gt;&gt;</a>&nbsp;&nbsp;&nbsp;ble_dfu_evt_handler
<LI><a href="#[134]">&gt;&gt;</a>&nbsp;&nbsp;&nbsp;advertising_init
<LI><a href="#[139]">&gt;&gt;</a>&nbsp;&nbsp;&nbsp;pm_peers_delete
<LI><a href="#[1a7]">&gt;&gt;</a>&nbsp;&nbsp;&nbsp;ble_cscs_init
<LI><a href="#[13a]">&gt;&gt;</a>&nbsp;&nbsp;&nbsp;ble_advertising_start
<LI><a href="#[33]">&gt;&gt;</a>&nbsp;&nbsp;&nbsp;main
<LI><a href="#[6b]">&gt;&gt;</a>&nbsp;&nbsp;&nbsp;HR_advdata_manuf_data_update
<LI><a href="#[13b]">&gt;&gt;</a>&nbsp;&nbsp;&nbsp;ah
<LI><a href="#[2a9]">&gt;&gt;</a>&nbsp;&nbsp;&nbsp;service_changed_pending_set
<LI><a href="#[170]">&gt;&gt;</a>&nbsp;&nbsp;&nbsp;local_db_apply_in_evt
<LI><a href="#[75]">&gt;&gt;</a>&nbsp;&nbsp;&nbsp;pm_pdb_evt_handler
<LI><a href="#[3b4]">&gt;&gt;</a>&nbsp;&nbsp;&nbsp;peer_id_init
<LI><a href="#[267]">&gt;&gt;</a>&nbsp;&nbsp;&nbsp;fds_init
<LI><a href="#[51]">&gt;&gt;</a>&nbsp;&nbsp;&nbsp;fds_evt_handler
<LI><a href="#[31e]">&gt;&gt;</a>&nbsp;&nbsp;&nbsp;nrf_ble_lesc_init
<LI><a href="#[1bb]">&gt;&gt;</a>&nbsp;&nbsp;&nbsp;char_add
<LI><a href="#[257]">&gt;&gt;</a>&nbsp;&nbsp;&nbsp;new_evt
<LI><a href="#[416]">&gt;&gt;</a>&nbsp;&nbsp;&nbsp;smd_params_reply
<LI><a href="#[17d]">&gt;&gt;</a>&nbsp;&nbsp;&nbsp;send_config_req
<LI><a href="#[3cd]">&gt;&gt;</a>&nbsp;&nbsp;&nbsp;rank_highest
<LI><a href="#[3cc]">&gt;&gt;</a>&nbsp;&nbsp;&nbsp;pm_peer_rank_highest
<LI><a href="#[27d]">&gt;&gt;</a>&nbsp;&nbsp;&nbsp;queue_process
<LI><a href="#[263]">&gt;&gt;</a>&nbsp;&nbsp;&nbsp;queue_buf_get
<LI><a href="#[35d]">&gt;&gt;</a>&nbsp;&nbsp;&nbsp;nrf_log_backend_serial_put
<LI><a href="#[8f]">&gt;&gt;</a>&nbsp;&nbsp;&nbsp;write
<LI><a href="#[8d]">&gt;&gt;</a>&nbsp;&nbsp;&nbsp;uninit
<LI><a href="#[255]">&gt;&gt;</a>&nbsp;&nbsp;&nbsp;event_send
<LI><a href="#[90]">&gt;&gt;</a>&nbsp;&nbsp;&nbsp;erase
<LI><a href="#[1b3]">&gt;&gt;</a>&nbsp;&nbsp;&nbsp;ble_dfu_buttonless_char_add
<LI><a href="#[302]">&gt;&gt;</a>&nbsp;&nbsp;&nbsp;mbedtls_ctr_drbg_seed_entropy_len
<LI><a href="#[2ff]">&gt;&gt;</a>&nbsp;&nbsp;&nbsp;mbedtls_ctr_drbg_random_with_add
<LI><a href="#[23b]">&gt;&gt;</a>&nbsp;&nbsp;&nbsp;ctr_drbg_update_internal
<LI><a href="#[1e3]">&gt;&gt;</a>&nbsp;&nbsp;&nbsp;block_cipher_df
<LI><a href="#[1e4]">&gt;&gt;</a>&nbsp;&nbsp;&nbsp;mbedtls_aes_init
</UL>

<P><STRONG><a name="[43f]"></a>__aeabi_memclr8</STRONG> (Thumb, 0 bytes, Stack size 0 bytes, C:\Keil_v5\ARM\ARMCC\Bin\..\lib\armlib\mc_w.l(memseta.o)(.text), UNUSED)

<P><STRONG><a name="[c4]"></a>_memset$wrapper</STRONG> (Thumb, 18 bytes, Stack size 8 bytes, C:\Keil_v5\ARM\ARMCC\Bin\..\lib\armlib\mc_w.l(memseta.o)(.text), UNUSED)
<BR><BR>[Calls]<UL><LI><a href="#[c3]">&gt;&gt;</a>&nbsp;&nbsp;&nbsp;__aeabi_memset
</UL>

<P><STRONG><a name="[1db]"></a>strlen</STRONG> (Thumb, 14 bytes, Stack size 0 bytes, C:\Keil_v5\ARM\ARMCC\Bin\..\lib\armlib\mc_w.l(strlen.o)(.text))
<BR><BR>[Called By]<UL><LI><a href="#[1da]">&gt;&gt;</a>&nbsp;&nbsp;&nbsp;ble_srv_ascii_to_utf8
<LI><a href="#[350]">&gt;&gt;</a>&nbsp;&nbsp;&nbsp;nrf_fprintf_fmt
</UL>

<P><STRONG><a name="[131]"></a>memcmp</STRONG> (Thumb, 26 bytes, Stack size 12 bytes, C:\Keil_v5\ARM\ARMCC\Bin\..\lib\armlib\mc_w.l(memcmp.o)(.text))
<BR><BR>[Stack]<UL><LI>Max Depth = 12<LI>Call Chain = memcmp
</UL>
<BR>[Called By]<UL><LI><a href="#[176]">&gt;&gt;</a>&nbsp;&nbsp;&nbsp;ast_peer_blacklisted
<LI><a href="#[171]">&gt;&gt;</a>&nbsp;&nbsp;&nbsp;ast_auth_error_notify
<LI><a href="#[2b0]">&gt;&gt;</a>&nbsp;&nbsp;&nbsp;im_master_ids_compare
<LI><a href="#[2ae]">&gt;&gt;</a>&nbsp;&nbsp;&nbsp;im_is_duplicate_bonding_data
<LI><a href="#[2ab]">&gt;&gt;</a>&nbsp;&nbsp;&nbsp;im_address_resolve
<LI><a href="#[130]">&gt;&gt;</a>&nbsp;&nbsp;&nbsp;addr_compare
</UL>

<P><STRONG><a name="[201]"></a>strcpy</STRONG> (Thumb, 18 bytes, Stack size 0 bytes, C:\Keil_v5\ARM\ARMCC\Bin\..\lib\armlib\mc_w.l(strcpy.o)(.text))
<BR><BR>[Called By]<UL><LI><a href="#[5a]">&gt;&gt;</a>&nbsp;&nbsp;&nbsp;serial_number_write_handler
<LI><a href="#[212]">&gt;&gt;</a>&nbsp;&nbsp;&nbsp;set_serial_number_metric
<LI><a href="#[2a3]">&gt;&gt;</a>&nbsp;&nbsp;&nbsp;get_serial_number_metric
<LI><a href="#[1fe]">&gt;&gt;</a>&nbsp;&nbsp;&nbsp;buff_load
</UL>

<P><STRONG><a name="[c5]"></a>__aeabi_dadd</STRONG> (Thumb, 322 bytes, Stack size 48 bytes, C:\Keil_v5\ARM\ARMCC\Bin\..\lib\armlib\mf_w.l(dadd.o)(.text))
<BR><BR>[Stack]<UL><LI>Max Depth = 88<LI>Call Chain = __aeabi_dadd &rArr; _double_epilogue &rArr; _double_round
</UL>
<BR>[Calls]<UL><LI><a href="#[c8]">&gt;&gt;</a>&nbsp;&nbsp;&nbsp;_double_round
<LI><a href="#[c7]">&gt;&gt;</a>&nbsp;&nbsp;&nbsp;_double_epilogue
<LI><a href="#[c1]">&gt;&gt;</a>&nbsp;&nbsp;&nbsp;__aeabi_llsl
<LI><a href="#[c6]">&gt;&gt;</a>&nbsp;&nbsp;&nbsp;__aeabi_lasr
</UL>
<BR>[Called By]<UL><LI><a href="#[ca]">&gt;&gt;</a>&nbsp;&nbsp;&nbsp;__aeabi_drsub
<LI><a href="#[c9]">&gt;&gt;</a>&nbsp;&nbsp;&nbsp;__aeabi_dsub
</UL>

<P><STRONG><a name="[c9]"></a>__aeabi_dsub</STRONG> (Thumb, 6 bytes, Stack size 0 bytes, C:\Keil_v5\ARM\ARMCC\Bin\..\lib\armlib\mf_w.l(dadd.o)(.text), UNUSED)
<BR><BR>[Calls]<UL><LI><a href="#[c5]">&gt;&gt;</a>&nbsp;&nbsp;&nbsp;__aeabi_dadd
</UL>

<P><STRONG><a name="[ca]"></a>__aeabi_drsub</STRONG> (Thumb, 6 bytes, Stack size 0 bytes, C:\Keil_v5\ARM\ARMCC\Bin\..\lib\armlib\mf_w.l(dadd.o)(.text))
<BR><BR>[Stack]<UL><LI>Max Depth = 88<LI>Call Chain = __aeabi_drsub &rArr; __aeabi_dadd &rArr; _double_epilogue &rArr; _double_round
</UL>
<BR>[Calls]<UL><LI><a href="#[c5]">&gt;&gt;</a>&nbsp;&nbsp;&nbsp;__aeabi_dadd
</UL>
<BR>[Called By]<UL><LI><a href="#[299]">&gt;&gt;</a>&nbsp;&nbsp;&nbsp;max_hr_get_mb2
</UL>

<P><STRONG><a name="[cb]"></a>__aeabi_dmul</STRONG> (Thumb, 228 bytes, Stack size 48 bytes, C:\Keil_v5\ARM\ARMCC\Bin\..\lib\armlib\mf_w.l(dmul.o)(.text))
<BR><BR>[Stack]<UL><LI>Max Depth = 88<LI>Call Chain = __aeabi_dmul &rArr; _double_epilogue &rArr; _double_round
</UL>
<BR>[Calls]<UL><LI><a href="#[c7]">&gt;&gt;</a>&nbsp;&nbsp;&nbsp;_double_epilogue
</UL>
<BR>[Called By]<UL><LI><a href="#[299]">&gt;&gt;</a>&nbsp;&nbsp;&nbsp;max_hr_get_mb2
</UL>

<P><STRONG><a name="[cc]"></a>__aeabi_ui2d</STRONG> (Thumb, 26 bytes, Stack size 16 bytes, C:\Keil_v5\ARM\ARMCC\Bin\..\lib\armlib\mf_w.l(dfltui.o)(.text))
<BR><BR>[Stack]<UL><LI>Max Depth = 56<LI>Call Chain = __aeabi_ui2d &rArr; _double_epilogue &rArr; _double_round
</UL>
<BR>[Calls]<UL><LI><a href="#[c7]">&gt;&gt;</a>&nbsp;&nbsp;&nbsp;_double_epilogue
</UL>
<BR>[Called By]<UL><LI><a href="#[299]">&gt;&gt;</a>&nbsp;&nbsp;&nbsp;max_hr_get_mb2
</UL>

<P><STRONG><a name="[cd]"></a>__aeabi_d2f</STRONG> (Thumb, 56 bytes, Stack size 8 bytes, C:\Keil_v5\ARM\ARMCC\Bin\..\lib\armlib\mf_w.l(d2f.o)(.text))
<BR><BR>[Stack]<UL><LI>Max Depth = 8<LI>Call Chain = __aeabi_d2f
</UL>
<BR>[Calls]<UL><LI><a href="#[ce]">&gt;&gt;</a>&nbsp;&nbsp;&nbsp;_float_round
</UL>
[...]
<BR><BR>[Stack]<UL><LI>Max Depth = 284<LI>Call Chain = softdevice_evt_irq_disable &rArr; app_error_handler &rArr; app_error_fault_handler &rArr; nrf_log_frontend_std_5 &rArr; std_n &rArr; nrf_log_frontend_dequeue &rArr; nrf_memobj_alloc &rArr; nrf_memobj_free &rArr; nrf_balloc_free &rArr; app_util_critical_region_enter
</UL>
<BR>[Calls]<UL><LI><a href="#[b9]">&gt;&gt;</a>&nbsp;&nbsp;&nbsp;app_error_handler
<LI><a href="#[417]">&gt;&gt;</a>&nbsp;&nbsp;&nbsp;__sd_nvic_app_accessible_irq
</UL>
<BR>[Called By]<UL><LI><a href="#[37c]">&gt;&gt;</a>&nbsp;&nbsp;&nbsp;nrf_sdh_disable_request
</UL>

<P><STRONG><a name="[380]"></a>softdevices_evt_irq_enable</STRONG> (Thumb, 84 bytes, Stack size 8 bytes, .\_build\nrf_sdh.o(i.softdevices_evt_irq_enable))
<BR><BR>[Stack]<UL><LI>Max Depth = 284<LI>Call Chain = softdevices_evt_irq_enable &rArr; app_error_handler &rArr; app_error_fault_handler &rArr; nrf_log_frontend_std_5 &rArr; std_n &rArr; nrf_log_frontend_dequeue &rArr; nrf_memobj_alloc &rArr; nrf_memobj_free &rArr; nrf_balloc_free &rArr; app_util_critical_region_enter
</UL>
<BR>[Calls]<UL><LI><a href="#[b9]">&gt;&gt;</a>&nbsp;&nbsp;&nbsp;app_error_handler
<LI><a href="#[417]">&gt;&gt;</a>&nbsp;&nbsp;&nbsp;__sd_nvic_app_accessible_irq
</UL>
<BR>[Called By]<UL><LI><a href="#[1dd]">&gt;&gt;</a>&nbsp;&nbsp;&nbsp;nrf_sdh_enable_request
</UL>

<P><STRONG><a name="[b0]"></a>nrf_sdh_ble_evts_poll</STRONG> (Thumb, 96 bytes, Stack size 528 bytes, .\_build\nrf_sdh_ble.o(i.nrf_sdh_ble_evts_poll))
<BR><BR>[Stack]<UL><LI>Max Depth = 804<LI>Call Chain = nrf_sdh_ble_evts_poll &rArr; app_error_handler &rArr; app_error_fault_handler &rArr; nrf_log_frontend_std_5 &rArr; std_n &rArr; nrf_log_frontend_dequeue &rArr; nrf_memobj_alloc &rArr; nrf_memobj_free &rArr; nrf_balloc_free &rArr; app_util_critical_region_enter
</UL>
<BR>[Calls]<UL><LI><a href="#[b9]">&gt;&gt;</a>&nbsp;&nbsp;&nbsp;app_error_handler
<LI><a href="#[37a]">&gt;&gt;</a>&nbsp;&nbsp;&nbsp;nrf_section_iter_next
<LI><a href="#[373]">&gt;&gt;</a>&nbsp;&nbsp;&nbsp;nrf_section_iter_init
</UL>
<BR>[Address Reference Count : 1]<UL><LI> nrf_sdh_ble.o(sdh_stack_observers0)
</UL>
<P><STRONG><a name="[b1]"></a>nrf_sdh_soc_evts_poll</STRONG> (Thumb, 60 bytes, Stack size 24 bytes, .\_build\nrf_sdh_soc.o(i.nrf_sdh_soc_evts_poll))
<BR><BR>[Stack]<UL><LI>Max Depth = 300<LI>Call Chain = nrf_sdh_soc_evts_poll &rArr; app_error_handler &rArr; app_error_fault_handler &rArr; nrf_log_frontend_std_5 &rArr; std_n &rArr; nrf_log_frontend_dequeue &rArr; nrf_memobj_alloc &rArr; nrf_memobj_free &rArr; nrf_balloc_free &rArr; app_util_critical_region_enter
</UL>
<BR>[Calls]<UL><LI><a href="#[b9]">&gt;&gt;</a>&nbsp;&nbsp;&nbsp;app_error_handler
<LI><a href="#[37a]">&gt;&gt;</a>&nbsp;&nbsp;&nbsp;nrf_section_iter_next
<LI><a href="#[373]">&gt;&gt;</a>&nbsp;&nbsp;&nbsp;nrf_section_iter_init
</UL>
<BR>[Address Reference Count : 1]<UL><LI> nrf_sdh_soc.o(sdh_stack_observers0)
</UL>
<P><STRONG><a name="[b2]"></a>nrf_sdh_ant_evts_poll</STRONG> (Thumb, 82 bytes, Stack size 72 bytes, .\_build\nrf_sdh_ant.o(i.nrf_sdh_ant_evts_poll))
<BR><BR>[Stack]<UL><LI>Max Depth = 348<LI>Call Chain = nrf_sdh_ant_evts_poll &rArr; app_error_handler &rArr; app_error_fault_handler &rArr; nrf_log_frontend_std_5 &rArr; std_n &rArr; nrf_log_frontend_dequeue &rArr; nrf_memobj_alloc &rArr; nrf_memobj_free &rArr; nrf_balloc_free &rArr; app_util_critical_region_enter
</UL>
<BR>[Calls]<UL><LI><a href="#[b9]">&gt;&gt;</a>&nbsp;&nbsp;&nbsp;app_error_handler
<LI><a href="#[37a]">&gt;&gt;</a>&nbsp;&nbsp;&nbsp;nrf_section_iter_next
<LI><a href="#[373]">&gt;&gt;</a>&nbsp;&nbsp;&nbsp;nrf_section_iter_init
</UL>
<BR>[Address Reference Count : 1]<UL><LI> nrf_sdh_ant.o(sdh_stack_observers0)
</UL>
<P><STRONG><a name="[1e3]"></a>block_cipher_df</STRONG> (Thumb, 280 bytes, Stack size 832 bytes, .\_build\ctr_drbg.o(i.block_cipher_df))
<BR><BR>[Stack]<UL><LI>Max Depth = 880<LI>Call Chain = block_cipher_df &rArr; mbedtls_aes_crypt_ecb &rArr; mbedtls_aes_encrypt
</UL>
<BR>[Calls]<UL><LI><a href="#[1e5]">&gt;&gt;</a>&nbsp;&nbsp;&nbsp;mbedtls_aes_setkey_enc
<LI><a href="#[1e4]">&gt;&gt;</a>&nbsp;&nbsp;&nbsp;mbedtls_aes_init
<LI><a href="#[1e7]">&gt;&gt;</a>&nbsp;&nbsp;&nbsp;mbedtls_aes_free
<LI><a href="#[1e6]">&gt;&gt;</a>&nbsp;&nbsp;&nbsp;mbedtls_aes_crypt_ecb
<LI><a href="#[117]">&gt;&gt;</a>&nbsp;&nbsp;&nbsp;__aeabi_memclr4
<LI><a href="#[1b9]">&gt;&gt;</a>&nbsp;&nbsp;&nbsp;__aeabi_memcpy
</UL>
<BR>[Called By]<UL><LI><a href="#[300]">&gt;&gt;</a>&nbsp;&nbsp;&nbsp;mbedtls_ctr_drbg_reseed
<LI><a href="#[2ff]">&gt;&gt;</a>&nbsp;&nbsp;&nbsp;mbedtls_ctr_drbg_random_with_add
</UL>

<P><STRONG><a name="[23b]"></a>ctr_drbg_update_internal</STRONG> (Thumb, 116 bytes, Stack size 72 bytes, .\_build\ctr_drbg.o(i.ctr_drbg_update_internal))
<BR><BR>[Stack]<UL><LI>Max Depth = 120<LI>Call Chain = ctr_drbg_update_internal &rArr; mbedtls_aes_crypt_ecb &rArr; mbedtls_aes_encrypt
</UL>
<BR>[Calls]<UL><LI><a href="#[1e5]">&gt;&gt;</a>&nbsp;&nbsp;&nbsp;mbedtls_aes_setkey_enc
<LI><a href="#[1e6]">&gt;&gt;</a>&nbsp;&nbsp;&nbsp;mbedtls_aes_crypt_ecb
<LI><a href="#[117]">&gt;&gt;</a>&nbsp;&nbsp;&nbsp;__aeabi_memclr4
</UL>
<BR>[Called By]<UL><LI><a href="#[300]">&gt;&gt;</a>&nbsp;&nbsp;&nbsp;mbedtls_ctr_drbg_reseed
<LI><a href="#[2ff]">&gt;&gt;</a>&nbsp;&nbsp;&nbsp;mbedtls_ctr_drbg_random_with_add
</UL>

<P><STRONG><a name="[3c]"></a>dummy_evt_handler</STRONG> (Thumb, 22 bytes, Stack size 0 bytes, .\_build\ble_dfu.o(i.dummy_evt_handler))
<BR><BR>[Stack]<UL><LI>Max Depth = 212<LI>Call Chain = dummy_evt_handler &rArr; nrf_log_frontend_std_1 &rArr; std_n &rArr; nrf_log_frontend_dequeue &rArr; nrf_memobj_alloc &rArr; nrf_memobj_free &rArr; nrf_balloc_free &rArr; app_util_critical_region_enter
</UL>
<BR>[Calls]<UL><LI><a href="#[12d]">&gt;&gt;</a>&nbsp;&nbsp;&nbsp;nrf_log_frontend_std_1
</UL>
<BR>[Address Reference Count : 1]<UL><LI> ble_dfu.o(i.ble_dfu_buttonless_init)
</UL>
<P><STRONG><a name="[1b6]"></a>on_ctrlpt_write</STRONG> (Thumb, 100 bytes, Stack size 48 bytes, .\_build\ble_dfu.o(i.on_ctrlpt_write))
<BR><BR>[Stack]<UL><LI>Max Depth = 96<LI>Call Chain = on_ctrlpt_write &rArr; ble_dfu_buttonless_on_ctrl_pt_write &rArr; ble_dfu_buttonless_resp_send
</UL>
<BR>[Calls]<UL><LI><a href="#[3a0]">&gt;&gt;</a>&nbsp;&nbsp;&nbsp;ble_srv_is_indication_enabled
<LI><a href="#[1b7]">&gt;&gt;</a>&nbsp;&nbsp;&nbsp;ble_dfu_buttonless_on_ctrl_pt_write
</UL>
<BR>[Called By]<UL><LI><a href="#[aa]">&gt;&gt;</a>&nbsp;&nbsp;&nbsp;ble_dfu_buttonless_on_ble_evt
</UL>

<P><STRONG><a name="[142]"></a>ant_hrm_init</STRONG> (Thumb, 38 bytes, Stack size 8 bytes, .\_build\ant_hrm.o(i.ant_hrm_init))
<BR><BR>[Stack]<UL><LI>Max Depth = 16<LI>Call Chain = ant_hrm_init &rArr; ant_channel_init
</UL>
<BR>[Calls]<UL><LI><a href="#[143]">&gt;&gt;</a>&nbsp;&nbsp;&nbsp;ant_channel_init
</UL>
<BR>[Called By]<UL><LI><a href="#[14f]">&gt;&gt;</a>&nbsp;&nbsp;&nbsp;ant_hrm_sens_init
</UL>

<P><STRONG><a name="[14e]"></a>ant_message_send</STRONG> (Thumb, 32 bytes, Stack size 16 bytes, .\_build\ant_hrm.o(i.ant_message_send))
<BR><BR>[Stack]<UL><LI>Max Depth = 292<LI>Call Chain = ant_message_send &rArr; app_error_handler &rArr; app_error_fault_handler &rArr; nrf_log_frontend_std_5 &rArr; std_n &rArr; nrf_log_frontend_dequeue &rArr; nrf_memobj_alloc &rArr; nrf_memobj_free &rArr; nrf_balloc_free &rArr; app_util_critical_region_enter
</UL>
<BR>[Calls]<UL><LI><a href="#[b9]">&gt;&gt;</a>&nbsp;&nbsp;&nbsp;app_error_handler
<LI><a href="#[151]">&gt;&gt;</a>&nbsp;&nbsp;&nbsp;sens_message_encode
</UL>
<BR>[Called By]<UL><LI><a href="#[150]">&gt;&gt;</a>&nbsp;&nbsp;&nbsp;ant_hrm_sens_open
<LI><a href="#[9b]">&gt;&gt;</a>&nbsp;&nbsp;&nbsp;ant_hrm_sens_evt_handler
</UL>

<P><STRONG><a name="[151]"></a>sens_message_encode</STRONG> (Thumb, 176 bytes, Stack size 16 bytes, .\_build\ant_hrm.o(i.sens_message_encode))
<BR><BR>[Stack]<UL><LI>Max Depth = 276<LI>Call Chain = sens_message_encode &rArr; ant_hrm_page_1_encode &rArr; page1_data_log &rArr; nrf_log_frontend_std_4 &rArr; std_n &rArr; nrf_log_frontend_dequeue &rArr; nrf_memobj_alloc &rArr; nrf_memobj_free &rArr; nrf_balloc_free &rArr; app_util_critical_region_enter
</UL>
<BR>[Calls]<UL><LI><a href="#[14c]">&gt;&gt;</a>&nbsp;&nbsp;&nbsp;ant_hrm_page_4_encode
<LI><a href="#[14a]">&gt;&gt;</a>&nbsp;&nbsp;&nbsp;ant_hrm_page_3_encode
<LI><a href="#[148]">&gt;&gt;</a>&nbsp;&nbsp;&nbsp;ant_hrm_page_2_encode
<LI><a href="#[146]">&gt;&gt;</a>&nbsp;&nbsp;&nbsp;ant_hrm_page_1_encode
<LI><a href="#[40f]">&gt;&gt;</a>&nbsp;&nbsp;&nbsp;ant_hrm_page_0_encode
</UL>
<BR>[Called By]<UL><LI><a href="#[14e]">&gt;&gt;</a>&nbsp;&nbsp;&nbsp;ant_message_send
</UL>

<P><STRONG><a name="[147]"></a>page1_data_log</STRONG> (Thumb, 78 bytes, Stack size 24 bytes, .\_build\ant_hrm_page_1.o(i.page1_data_log))
<BR><BR>[Stack]<UL><LI>Max Depth = 260<LI>Call Chain = page1_data_log &rArr; nrf_log_frontend_std_4 &rArr; std_n &rArr; nrf_log_frontend_dequeue &rArr; nrf_memobj_alloc &rArr; nrf_memobj_free &rArr; nrf_balloc_free &rArr; app_util_critical_region_enter
</UL>
<BR>[Calls]<UL><LI><a href="#[36a]">&gt;&gt;</a>&nbsp;&nbsp;&nbsp;nrf_log_frontend_std_4
</UL>
<BR>[Called By]<UL><LI><a href="#[146]">&gt;&gt;</a>&nbsp;&nbsp;&nbsp;ant_hrm_page_1_encode
</UL>

<P><STRONG><a name="[149]"></a>page2_data_log</STRONG> (Thumb, 42 bytes, Stack size 16 bytes, .\_build\ant_hrm_page_2.o(i.page2_data_log))
<BR><BR>[Stack]<UL><LI>Max Depth = 228<LI>Call Chain = page2_data_log &rArr; nrf_log_frontend_std_1 &rArr; std_n &rArr; nrf_log_frontend_dequeue &rArr; nrf_memobj_alloc &rArr; nrf_memobj_free &rArr; nrf_balloc_free &rArr; app_util_critical_region_enter
</UL>
<BR>[Calls]<UL><LI><a href="#[12d]">&gt;&gt;</a>&nbsp;&nbsp;&nbsp;nrf_log_frontend_std_1
</UL>
<BR>[Called By]<UL><LI><a href="#[148]">&gt;&gt;</a>&nbsp;&nbsp;&nbsp;ant_hrm_page_2_encode
</UL>

<P><STRONG><a name="[14b]"></a>page3_data_log</STRONG> (Thumb, 52 bytes, Stack size 16 bytes, .\_build\ant_hrm_page_3.o(i.page3_data_log))
<BR><BR>[Stack]<UL><LI>Max Depth = 228<LI>Call Chain = page3_data_log &rArr; nrf_log_frontend_std_1 &rArr; std_n &rArr; nrf_log_frontend_dequeue &rArr; nrf_memobj_alloc &rArr; nrf_memobj_free &rArr; nrf_balloc_free &rArr; app_util_critical_region_enter
</UL>
<BR>[Calls]<UL><LI><a href="#[12d]">&gt;&gt;</a>&nbsp;&nbsp;&nbsp;nrf_log_frontend_std_1
</UL>
<BR>[Called By]<UL><LI><a href="#[14a]">&gt;&gt;</a>&nbsp;&nbsp;&nbsp;ant_hrm_page_3_encode
</UL>

<P><STRONG><a name="[14d]"></a>page4_data_log</STRONG> (Thumb, 46 bytes, Stack size 0 bytes, .\_build\ant_hrm_page_4.o(i.page4_data_log))
<BR><BR>[Stack]<UL><LI>Max Depth = 220<LI>Call Chain = page4_data_log &rArr; nrf_log_frontend_std_2 &rArr; std_n &rArr; nrf_log_frontend_dequeue &rArr; nrf_memobj_alloc &rArr; nrf_memobj_free &rArr; nrf_balloc_free &rArr; app_util_critical_region_enter
</UL>
<BR>[Calls]<UL><LI><a href="#[12f]">&gt;&gt;</a>&nbsp;&nbsp;&nbsp;nrf_log_frontend_std_2
</UL>
<BR>[Called By]<UL><LI><a href="#[14c]">&gt;&gt;</a>&nbsp;&nbsp;&nbsp;ant_hrm_page_4_encode
</UL>

<P><STRONG><a name="[9c]"></a>ant_evt_handler</STRONG> (Thumb, 94 bytes, Stack size 8 bytes, .\_build\ant_state_indicator.o(i.ant_evt_handler))
<BR><BR>[Stack]<UL><LI>Max Depth = 284<LI>Call Chain = ant_evt_handler &rArr; app_error_handler &rArr; app_error_fault_handler &rArr; nrf_log_frontend_std_5 &rArr; std_n &rArr; nrf_log_frontend_dequeue &rArr; nrf_memobj_alloc &rArr; nrf_memobj_free &rArr; nrf_balloc_free &rArr; app_util_critical_region_enter
</UL>
<BR>[Calls]<UL><LI><a href="#[13e]">&gt;&gt;</a>&nbsp;&nbsp;&nbsp;nrf_pwr_mgmt_shutdown
<LI><a href="#[13f]">&gt;&gt;</a>&nbsp;&nbsp;&nbsp;bsp_indication_set
<LI><a href="#[b9]">&gt;&gt;</a>&nbsp;&nbsp;&nbsp;app_error_handler
</UL>
<BR>[Address Reference Count : 1]<UL><LI> ant_state_indicator.o(sdh_ant_observers1)
</UL>
<P><STRONG><a name="[9a]"></a>m_shutdown_handler</STRONG> (Thumb, 22 bytes, Stack size 8 bytes, .\_build\ant_state_indicator.o(i.m_shutdown_handler))
<BR><BR>[Stack]<UL><LI>Max Depth = 284<LI>Call Chain = m_shutdown_handler &rArr; app_error_handler &rArr; app_error_fault_handler &rArr; nrf_log_frontend_std_5 &rArr; std_n &rArr; nrf_log_frontend_dequeue &rArr; nrf_memobj_alloc &rArr; nrf_memobj_free &rArr; nrf_balloc_free &rArr; app_util_critical_region_enter
</UL>
<BR>[Calls]<UL><LI><a href="#[13f]">&gt;&gt;</a>&nbsp;&nbsp;&nbsp;bsp_indication_set
<LI><a href="#[b9]">&gt;&gt;</a>&nbsp;&nbsp;&nbsp;app_error_handler
</UL>
<BR>[Address Reference Count : 1]<UL><LI> ant_state_indicator.o(pwr_mgmt_data1)
</UL>
<P><STRONG><a name="[105]"></a>sha512_blocks</STRONG> (Thumb, 896 bytes, Stack size unknown bytes, ..\..\external\nrf_oberon\lib\cortex-m4\hard-float\short-wchar\oberon_3.0.1.lib(ocrypto_sha512.c.obj)(.text.sha512_blocks))
<BR><BR>[Calls]<UL><LI><a href="#[107]">&gt;&gt;</a>&nbsp;&nbsp;&nbsp;ocrypto_sha512_loop2
<LI><a href="#[106]">&gt;&gt;</a>&nbsp;&nbsp;&nbsp;ocrypto_sha512_loop1
</UL>
<BR>[Called By]<UL><LI><a href="#[fb]">&gt;&gt;</a>&nbsp;&nbsp;&nbsp;ocrypto_sha512
</UL>

<P><STRONG><a name="[104]"></a>sha512_blocks.constprop.1</STRONG> (Thumb, 784 bytes, Stack size unknown bytes, ..\..\external\nrf_oberon\lib\cortex-m4\hard-float\short-wchar\oberon_3.0.1.lib(ocrypto_sha512.c.obj)(.text.sha512_blocks.constprop.1))
<BR><BR>[Calls]<UL><LI><a href="#[107]">&gt;&gt;</a>&nbsp;&nbsp;&nbsp;ocrypto_sha512_loop2
<LI><a href="#[106]">&gt;&gt;</a>&nbsp;&nbsp;&nbsp;ocrypto_sha512_loop1
</UL>
<BR>[Called By]<UL><LI><a href="#[fb]">&gt;&gt;</a>&nbsp;&nbsp;&nbsp;ocrypto_sha512
</UL>

<P><STRONG><a name="[ec]"></a>p256_zdblu</STRONG> (Thumb, 184 bytes, Stack size unknown bytes, ..\..\external\nrf_oberon\lib\cortex-m4\hard-float\short-wchar\oberon_3.0.1.lib(ocrypto_curve_p256.c.obj)(.text.p256_zdblu))
<BR><BR>[Calls]<UL><LI><a href="#[f1]">&gt;&gt;</a>&nbsp;&nbsp;&nbsp;ocrypto_mod_p256_sub
<LI><a href="#[e8]">&gt;&gt;</a>&nbsp;&nbsp;&nbsp;ocrypto_mod_p256_mul
<LI><a href="#[e6]">&gt;&gt;</a>&nbsp;&nbsp;&nbsp;ocrypto_mod_p256_square
<LI><a href="#[e7]">&gt;&gt;</a>&nbsp;&nbsp;&nbsp;ocrypto_mod_p256_add
</UL>
<BR>[Called By]<UL><LI><a href="#[ea]">&gt;&gt;</a>&nbsp;&nbsp;&nbsp;ocrypto_curve_p256_scalarmult
</UL>

<P><STRONG><a name="[ef]"></a>p256_zaddc</STRONG> (Thumb, 204 bytes, Stack size unknown bytes, ..\..\external\nrf_oberon\lib\cortex-m4\hard-float\short-wchar\oberon_3.0.1.lib(ocrypto_curve_p256.c.obj)(.text.p256_zaddc))
<BR><BR>[Calls]<UL><LI><a href="#[f1]">&gt;&gt;</a>&nbsp;&nbsp;&nbsp;ocrypto_mod_p256_sub
<LI><a href="#[e8]">&gt;&gt;</a>&nbsp;&nbsp;&nbsp;ocrypto_mod_p256_mul
<LI><a href="#[e6]">&gt;&gt;</a>&nbsp;&nbsp;&nbsp;ocrypto_mod_p256_square
<LI><a href="#[e7]">&gt;&gt;</a>&nbsp;&nbsp;&nbsp;ocrypto_mod_p256_add
</UL>
<BR>[Called By]<UL><LI><a href="#[ea]">&gt;&gt;</a>&nbsp;&nbsp;&nbsp;ocrypto_curve_p256_scalarmult
</UL>

<P><STRONG><a name="[ee]"></a>p256_zaddu</STRONG> (Thumb, 152 bytes, Stack size unknown bytes, ..\..\external\nrf_oberon\lib\cortex-m4\hard-float\short-wchar\oberon_3.0.1.lib(ocrypto_curve_p256.c.obj)(.text.p256_zaddu))
<BR><BR>[Calls]<UL><LI><a href="#[f1]">&gt;&gt;</a>&nbsp;&nbsp;&nbsp;ocrypto_mod_p256_sub
<LI><a href="#[e8]">&gt;&gt;</a>&nbsp;&nbsp;&nbsp;ocrypto_mod_p256_mul
<LI><a href="#[e6]">&gt;&gt;</a>&nbsp;&nbsp;&nbsp;ocrypto_mod_p256_square
</UL>
<BR>[Called By]<UL><LI><a href="#[ea]">&gt;&gt;</a>&nbsp;&nbsp;&nbsp;ocrypto_curve_p256_scalarmult
</UL>

<P><STRONG><a name="[d3]"></a>mixaddsub_p1p1</STRONG> (Thumb, 204 bytes, Stack size unknown bytes, ..\..\external\nrf_oberon\lib\cortex-m4\hard-float\short-wchar\oberon_3.0.1.lib(ocrypto_ge25519.c.obj)(.text.mixaddsub_p1p1))
<BR><BR>[Calls]<UL><LI><a href="#[d2]">&gt;&gt;</a>&nbsp;&nbsp;&nbsp;ocrypto_mod25519_mul
<LI><a href="#[db]">&gt;&gt;</a>&nbsp;&nbsp;&nbsp;ocrypto_mod25519_sub
<LI><a href="#[d9]">&gt;&gt;</a>&nbsp;&nbsp;&nbsp;ocrypto_mod25519_add
<LI><a href="#[bc]">&gt;&gt;</a>&nbsp;&nbsp;&nbsp;ocrypto_bigint_cswap256
</UL>
<BR>[Called By]<UL><LI><a href="#[d5]">&gt;&gt;</a>&nbsp;&nbsp;&nbsp;add_entry.constprop.2
<LI><a href="#[d4]">&gt;&gt;</a>&nbsp;&nbsp;&nbsp;add_entry.constprop.1
<LI><a href="#[d0]">&gt;&gt;</a>&nbsp;&nbsp;&nbsp;add_entry.constprop.0
</UL>

<P><STRONG><a name="[d7]"></a>dbl_p1p1</STRONG> (Thumb, 134 bytes, Stack size unknown bytes, ..\..\external\nrf_oberon\lib\cortex-m4\hard-float\short-wchar\oberon_3.0.1.lib(ocrypto_ge25519.c.obj)(.text.dbl_p1p1))
<BR><BR>[Calls]<UL><LI><a href="#[da]">&gt;&gt;</a>&nbsp;&nbsp;&nbsp;ocrypto_mod25519_neg
<LI><a href="#[d8]">&gt;&gt;</a>&nbsp;&nbsp;&nbsp;ocrypto_mod25519_square
<LI><a href="#[db]">&gt;&gt;</a>&nbsp;&nbsp;&nbsp;ocrypto_mod25519_sub
<LI><a href="#[d9]">&gt;&gt;</a>&nbsp;&nbsp;&nbsp;ocrypto_mod25519_add
</UL>
<BR>[Called By]<UL><LI><a href="#[fd]">&gt;&gt;</a>&nbsp;&nbsp;&nbsp;ocrypto_ge25519_scalarmult_base
</UL>

<P><STRONG><a name="[d1]"></a>get_entry</STRONG> (Thumb, 100 bytes, Stack size unknown bytes, ..\..\external\nrf_oberon\lib\cortex-m4\hard-float\short-wchar\oberon_3.0.1.lib(ocrypto_ge25519.c.obj)(.text.get_entry))
<BR><BR>[Calls]<UL><LI><a href="#[dd]">&gt;&gt;</a>&nbsp;&nbsp;&nbsp;ocrypto_bigint_cadd256
<LI><a href="#[dc]">&gt;&gt;</a>&nbsp;&nbsp;&nbsp;ocrypto_mod25519_init
</UL>
<BR>[Called By]<UL><LI><a href="#[d4]">&gt;&gt;</a>&nbsp;&nbsp;&nbsp;add_entry.constprop.1
<LI><a href="#[d0]">&gt;&gt;</a>&nbsp;&nbsp;&nbsp;add_entry.constprop.0
</UL>

<P><STRONG><a name="[d6]"></a>get_entry.constprop.3</STRONG> (Thumb, 88 bytes, Stack size unknown bytes, ..\..\external\nrf_oberon\lib\cortex-m4\hard-float\short-wchar\oberon_3.0.1.lib(ocrypto_ge25519.c.obj)(.text.get_entry.constprop.3))
<BR><BR>[Calls]<UL><LI><a href="#[dd]">&gt;&gt;</a>&nbsp;&nbsp;&nbsp;ocrypto_bigint_cadd256
<LI><a href="#[dc]">&gt;&gt;</a>&nbsp;&nbsp;&nbsp;ocrypto_mod25519_init
</UL>
<BR>[Called By]<UL><LI><a href="#[d5]">&gt;&gt;</a>&nbsp;&nbsp;&nbsp;add_entry.constprop.2
<LI><a href="#[fd]">&gt;&gt;</a>&nbsp;&nbsp;&nbsp;ocrypto_ge25519_scalarmult_base
</UL>

<P><STRONG><a name="[d0]"></a>add_entry.constprop.0</STRONG> (Thumb, 90 bytes, Stack size unknown bytes, ..\..\external\nrf_oberon\lib\cortex-m4\hard-float\short-wchar\oberon_3.0.1.lib(ocrypto_ge25519.c.obj)(.text.add_entry.constprop.0))
<BR><BR>[Calls]<UL><LI><a href="#[d1]">&gt;&gt;</a>&nbsp;&nbsp;&nbsp;get_entry
<LI><a href="#[d3]">&gt;&gt;</a>&nbsp;&nbsp;&nbsp;mixaddsub_p1p1
<LI><a href="#[d2]">&gt;&gt;</a>&nbsp;&nbsp;&nbsp;ocrypto_mod25519_mul
</UL>
<BR>[Called By]<UL><LI><a href="#[fd]">&gt;&gt;</a>&nbsp;&nbsp;&nbsp;ocrypto_ge25519_scalarmult_base
</UL>

<P><STRONG><a name="[d4]"></a>add_entry.constprop.1</STRONG> (Thumb, 90 bytes, Stack size unknown bytes, ..\..\external\nrf_oberon\lib\cortex-m4\hard-float\short-wchar\oberon_3.0.1.lib(ocrypto_ge25519.c.obj)(.text.add_entry.constprop.1))
<BR><BR>[Calls]<UL><LI><a href="#[d1]">&gt;&gt;</a>&nbsp;&nbsp;&nbsp;get_entry
<LI><a href="#[d3]">&gt;&gt;</a>&nbsp;&nbsp;&nbsp;mixaddsub_p1p1
<LI><a href="#[d2]">&gt;&gt;</a>&nbsp;&nbsp;&nbsp;ocrypto_mod25519_mul
</UL>
<BR>[Called By]<UL><LI><a href="#[fd]">&gt;&gt;</a>&nbsp;&nbsp;&nbsp;ocrypto_ge25519_scalarmult_base
</UL>

<P><STRONG><a name="[d5]"></a>add_entry.constprop.2</STRONG> (Thumb, 88 bytes, Stack size unknown bytes, ..\..\external\nrf_oberon\lib\cortex-m4\hard-float\short-wchar\oberon_3.0.1.lib(ocrypto_ge25519.c.obj)(.text.add_entry.constprop.2))
<BR><BR>[Calls]<UL><LI><a href="#[d6]">&gt;&gt;</a>&nbsp;&nbsp;&nbsp;get_entry.constprop.3
<LI><a href="#[d3]">&gt;&gt;</a>&nbsp;&nbsp;&nbsp;mixaddsub_p1p1
<LI><a href="#[d2]">&gt;&gt;</a>&nbsp;&nbsp;&nbsp;ocrypto_mod25519_mul
</UL>
<BR>[Called By]<UL><LI><a href="#[fd]">&gt;&gt;</a>&nbsp;&nbsp;&nbsp;ocrypto_ge25519_scalarmult_base
</UL>

<P><STRONG><a name="[bd]"></a>cswap64</STRONG> (Thumb, 0 bytes, Stack size unknown bytes, ..\..\external\nrf_oberon\lib\cortex-m4\hard-float\short-wchar\oberon_3.0.1.lib(ocrypto_bigint256.s.obj)(.text))
<BR><BR>[Called By]<UL><LI><a href="#[bc]">&gt;&gt;</a>&nbsp;&nbsp;&nbsp;ocrypto_bigint_cswap256
</UL>
<P>
<H3>
Undefined Global Symbols
</H3><HR></body></html>
